../Core/Src/main.c:94:5:main	448	static
../Core/Src/main.c:200:6:SystemClock_Config	112	static
../Core/Src/main.c:244:13:MX_TIM3_Init	32	static
../Core/Src/main.c:289:13:MX_USART1_UART_Init	8	static
../Core/Src/main.c:322:13:MX_DMA_Init	16	static
../Core/Src/main.c:340:13:MX_GPIO_Init	48	static
../Core/Src/main.c:359:6:HAL_UART_TxCpltCallback	24	static
../Core/Src/main.c:378:6:HAL_UART_RxCpltCallback	32	static
../Core/Src/main.c:473:6:HAL_TIM_PeriodElapsedCallback	16	static
../Core/Src/main.c:491:6:Error_Handler	8	static,ignoring_inline_asm
