Archive member included to satisfy reference by file (symbol)

c:/st/stm32cubeide_1.10.1/stm32cubeide/plugins/com.st.stm32cube.ide.mcu.externaltools.gnu-tools-for-stm32.10.3-2021.10.win32_1.0.0.202111181127/tools/bin/../lib/gcc/arm-none-eabi/10.3.1/../../../../arm-none-eabi/lib/thumb/v6-m/nofp\libc_nano.a(lib_a-errno.o)
                              ./Core/Src/syscalls.o (__errno)
c:/st/stm32cubeide_1.10.1/stm32cubeide/plugins/com.st.stm32cube.ide.mcu.externaltools.gnu-tools-for-stm32.10.3-2021.10.win32_1.0.0.202111181127/tools/bin/../lib/gcc/arm-none-eabi/10.3.1/../../../../arm-none-eabi/lib/thumb/v6-m/nofp\libc_nano.a(lib_a-exit.o)
                              c:/st/stm32cubeide_1.10.1/stm32cubeide/plugins/com.st.stm32cube.ide.mcu.externaltools.gnu-tools-for-stm32.10.3-2021.10.win32_1.0.0.202111181127/tools/bin/../lib/gcc/arm-none-eabi/10.3.1/../../../../arm-none-eabi/lib/thumb/v6-m/nofp/crt0.o (exit)
c:/st/stm32cubeide_1.10.1/stm32cubeide/plugins/com.st.stm32cube.ide.mcu.externaltools.gnu-tools-for-stm32.10.3-2021.10.win32_1.0.0.202111181127/tools/bin/../lib/gcc/arm-none-eabi/10.3.1/../../../../arm-none-eabi/lib/thumb/v6-m/nofp\libc_nano.a(lib_a-impure.o)
                              c:/st/stm32cubeide_1.10.1/stm32cubeide/plugins/com.st.stm32cube.ide.mcu.externaltools.gnu-tools-for-stm32.10.3-2021.10.win32_1.0.0.202111181127/tools/bin/../lib/gcc/arm-none-eabi/10.3.1/../../../../arm-none-eabi/lib/thumb/v6-m/nofp\libc_nano.a(lib_a-exit.o) (_global_impure_ptr)
c:/st/stm32cubeide_1.10.1/stm32cubeide/plugins/com.st.stm32cube.ide.mcu.externaltools.gnu-tools-for-stm32.10.3-2021.10.win32_1.0.0.202111181127/tools/bin/../lib/gcc/arm-none-eabi/10.3.1/../../../../arm-none-eabi/lib/thumb/v6-m/nofp\libc_nano.a(lib_a-init.o)
                              c:/st/stm32cubeide_1.10.1/stm32cubeide/plugins/com.st.stm32cube.ide.mcu.externaltools.gnu-tools-for-stm32.10.3-2021.10.win32_1.0.0.202111181127/tools/bin/../lib/gcc/arm-none-eabi/10.3.1/../../../../arm-none-eabi/lib/thumb/v6-m/nofp/crt0.o (__libc_init_array)
c:/st/stm32cubeide_1.10.1/stm32cubeide/plugins/com.st.stm32cube.ide.mcu.externaltools.gnu-tools-for-stm32.10.3-2021.10.win32_1.0.0.202111181127/tools/bin/../lib/gcc/arm-none-eabi/10.3.1/../../../../arm-none-eabi/lib/thumb/v6-m/nofp\libc_nano.a(lib_a-memcpy-stub.o)
                              ./Core/Src/uart_receive.o (memcpy)
c:/st/stm32cubeide_1.10.1/stm32cubeide/plugins/com.st.stm32cube.ide.mcu.externaltools.gnu-tools-for-stm32.10.3-2021.10.win32_1.0.0.202111181127/tools/bin/../lib/gcc/arm-none-eabi/10.3.1/../../../../arm-none-eabi/lib/thumb/v6-m/nofp\libc_nano.a(lib_a-memset.o)
                              c:/st/stm32cubeide_1.10.1/stm32cubeide/plugins/com.st.stm32cube.ide.mcu.externaltools.gnu-tools-for-stm32.10.3-2021.10.win32_1.0.0.202111181127/tools/bin/../lib/gcc/arm-none-eabi/10.3.1/../../../../arm-none-eabi/lib/thumb/v6-m/nofp/crt0.o (memset)
c:/st/stm32cubeide_1.10.1/stm32cubeide/plugins/com.st.stm32cube.ide.mcu.externaltools.gnu-tools-for-stm32.10.3-2021.10.win32_1.0.0.202111181127/tools/bin/../lib/gcc/arm-none-eabi/10.3.1/../../../../arm-none-eabi/lib/thumb/v6-m/nofp\libc_nano.a(lib_a-sprintf.o)
                              ./Core/Src/main.o (sprintf)
c:/st/stm32cubeide_1.10.1/stm32cubeide/plugins/com.st.stm32cube.ide.mcu.externaltools.gnu-tools-for-stm32.10.3-2021.10.win32_1.0.0.202111181127/tools/bin/../lib/gcc/arm-none-eabi/10.3.1/../../../../arm-none-eabi/lib/thumb/v6-m/nofp\libc_nano.a(lib_a-strlen.o)
                              ./Core/Src/main.o (strlen)
c:/st/stm32cubeide_1.10.1/stm32cubeide/plugins/com.st.stm32cube.ide.mcu.externaltools.gnu-tools-for-stm32.10.3-2021.10.win32_1.0.0.202111181127/tools/bin/../lib/gcc/arm-none-eabi/10.3.1/../../../../arm-none-eabi/lib/thumb/v6-m/nofp\libc_nano.a(lib_a-nano-svfprintf.o)
                              c:/st/stm32cubeide_1.10.1/stm32cubeide/plugins/com.st.stm32cube.ide.mcu.externaltools.gnu-tools-for-stm32.10.3-2021.10.win32_1.0.0.202111181127/tools/bin/../lib/gcc/arm-none-eabi/10.3.1/../../../../arm-none-eabi/lib/thumb/v6-m/nofp\libc_nano.a(lib_a-sprintf.o) (_svfprintf_r)
c:/st/stm32cubeide_1.10.1/stm32cubeide/plugins/com.st.stm32cube.ide.mcu.externaltools.gnu-tools-for-stm32.10.3-2021.10.win32_1.0.0.202111181127/tools/bin/../lib/gcc/arm-none-eabi/10.3.1/../../../../arm-none-eabi/lib/thumb/v6-m/nofp\libc_nano.a(lib_a-nano-vfprintf_i.o)
                              c:/st/stm32cubeide_1.10.1/stm32cubeide/plugins/com.st.stm32cube.ide.mcu.externaltools.gnu-tools-for-stm32.10.3-2021.10.win32_1.0.0.202111181127/tools/bin/../lib/gcc/arm-none-eabi/10.3.1/../../../../arm-none-eabi/lib/thumb/v6-m/nofp\libc_nano.a(lib_a-nano-svfprintf.o) (_printf_i)
c:/st/stm32cubeide_1.10.1/stm32cubeide/plugins/com.st.stm32cube.ide.mcu.externaltools.gnu-tools-for-stm32.10.3-2021.10.win32_1.0.0.202111181127/tools/bin/../lib/gcc/arm-none-eabi/10.3.1/../../../../arm-none-eabi/lib/thumb/v6-m/nofp\libc_nano.a(lib_a-memchr-stub.o)
[...]
Memory Configuration

Name             Origin             Length             Attributes
RAM              0x0000000020000000 0x0000000000001800 xrw
FLASH            0x0000000008000000 0x0000000000008000 xr
*default*        0x0000000000000000 0xffffffffffffffff

Linker script and memory map

LOAD c:/st/stm32cubeide_1.10.1/stm32cubeide/plugins/com.st.stm32cube.ide.mcu.externaltools.gnu-tools-for-stm32.10.3-2021.10.win32_1.0.0.202111181127/tools/bin/../lib/gcc/arm-none-eabi/10.3.1/thumb/v6-m/nofp/crti.o
LOAD c:/st/stm32cubeide_1.10.1/stm32cubeide/plugins/com.st.stm32cube.ide.mcu.externaltools.gnu-tools-for-stm32.10.3-2021.10.win32_1.0.0.202111181127/tools/bin/../lib/gcc/arm-none-eabi/10.3.1/thumb/v6-m/nofp/crtbegin.o
LOAD c:/st/stm32cubeide_1.10.1/stm32cubeide/plugins/com.st.stm32cube.ide.mcu.externaltools.gnu-tools-for-stm32.10.3-2021.10.win32_1.0.0.202111181127/tools/bin/../lib/gcc/arm-none-eabi/10.3.1/../../../../arm-none-eabi/lib/thumb/v6-m/nofp/crt0.o
LOAD ./Core/Src/main.o
LOAD ./Core/Src/stm32f0xx_hal_msp.o
LOAD ./Core/Src/stm32f0xx_it.o
LOAD ./Core/Src/syscalls.o
LOAD ./Core/Src/sysmem.o
LOAD ./Core/Src/system_stm32f0xx.o
LOAD ./Core/Src/uart_common.o
LOAD ./Core/Src/uart_receive.o
LOAD ./Core/Startup/startup_stm32f042k6tx.o
LOAD ./Drivers/STM32F0xx_HAL_Driver/stm32f0xx_hal.o
LOAD ./Drivers/STM32F0xx_HAL_Driver/stm32f0xx_hal_cortex.o
LOAD ./Drivers/STM32F0xx_HAL_Driver/stm32f0xx_hal_dma.o
LOAD ./Drivers/STM32F0xx_HAL_Driver/stm32f0xx_hal_exti.o
LOAD ./Drivers/STM32F0xx_HAL_Driver/stm32f0xx_hal_flash.o
LOAD ./Drivers/STM32F0xx_HAL_Driver/stm32f0xx_hal_flash_ex.o
LOAD ./Drivers/STM32F0xx_HAL_Driver/stm32f0xx_hal_gpio.o
LOAD ./Drivers/STM32F0xx_HAL_Driver/stm32f0xx_hal_i2c.o
LOAD ./Drivers/STM32F0xx_HAL_Driver/stm32f0xx_hal_i2c_ex.o
LOAD ./Drivers/STM32F0xx_HAL_Driver/stm32f0xx_hal_pcd.o
LOAD ./Drivers/STM32F0xx_HAL_Driver/stm32f0xx_hal_pcd_ex.o
LOAD ./Drivers/STM32F0xx_HAL_Driver/stm32f0xx_hal_pwr.o
LOAD ./Drivers/STM32F0xx_HAL_Driver/stm32f0xx_hal_pwr_ex.o
LOAD ./Drivers/STM32F0xx_HAL_Driver/stm32f0xx_hal_rcc.o
LOAD ./Drivers/STM32F0xx_HAL_Driver/stm32f0xx_hal_rcc_ex.o
LOAD ./Drivers/STM32F0xx_HAL_Driver/stm32f0xx_hal_tim.o
LOAD ./Drivers/STM32F0xx_HAL_Driver/stm32f0xx_hal_tim_ex.o
LOAD ./Drivers/STM32F0xx_HAL_Driver/stm32f0xx_hal_uart.o
LOAD ./Drivers/STM32F0xx_HAL_Driver/stm32f0xx_hal_uart_ex.o
LOAD ./Drivers/STM32F0xx_HAL_Driver/stm32f0xx_ll_usb.o
LOAD ./Middlewares/USB_Device_Library/usbd_cdc.o
LOAD ./Middlewares/USB_Device_Library/usbd_core.o
LOAD ./Middlewares/USB_Device_Library/usbd_ctlreq.o
LOAD ./Middlewares/USB_Device_Library/usbd_ioreq.o
LOAD ./USB_DEVICE/App/usb_device.o
LOAD ./USB_DEVICE/App/usbd_cdc_if.o
LOAD ./USB_DEVICE/App/usbd_desc.o
LOAD ./USB_DEVICE/Target/usbd_conf.o
START GROUP
LOAD c:/st/stm32cubeide_1.10.1/stm32cubeide/plugins/com.st.stm32cube.ide.mcu.externaltools.gnu-tools-for-stm32.10.3-2021.10.win32_1.0.0.202111181127/tools/bin/../lib/gcc/arm-none-eabi/10.3.1/../../../../arm-none-eabi/lib/thumb/v6-m/nofp\libstdc++_nano.a
LOAD c:/st/stm32cubeide_1.10.1/stm32cubeide/plugins/com.st.stm32cube.ide.mcu.externaltools.gnu-tools-for-stm32.10.3-2021.10.win32_1.0.0.202111181127/tools/bin/../lib/gcc/arm-none-eabi/10.3.1/../../../../arm-none-eabi/lib/thumb/v6-m/nofp\libsupc++_nano.a
END GROUP
LOAD c:/st/stm32cubeide_1.10.1/stm32cubeide/plugins/com.st.stm32cube.ide.mcu.externaltools.gnu-tools-for-stm32.10.3-2021.10.win32_1.0.0.202111181127/tools/bin/../lib/gcc/arm-none-eabi/10.3.1/../../../../arm-none-eabi/lib/thumb/v6-m/nofp\libstdc++_nano.a
LOAD c:/st/stm32cubeide_1.10.1/stm32cubeide/plugins/com.st.stm32cube.ide.mcu.externaltools.gnu-tools-for-stm32.10.3-2021.10.win32_1.0.0.202111181127/tools/bin/../lib/gcc/arm-none-eabi/10.3.1/../../../../arm-none-eabi/lib/thumb/v6-m/nofp\libm.a
LOAD c:/st/stm32cubeide_1.10.1/stm32cubeide/plugins/com.st.stm32cube.ide.mcu.externaltools.gnu-tools-for-stm32.10.3-2021.10.win32_1.0.0.202111181127/tools/bin/../lib/gcc/arm-none-eabi/10.3.1/../../../../arm-none-eabi/lib/thumb/v6-m/nofp\libc_nano.a
START GROUP
LOAD c:/st/stm32cubeide_1.10.1/stm32cubeide/plugins/com.st.stm32cube.ide.mcu.externaltools.gnu-tools-for-stm32.10.3-2021.10.win32_1.0.0.202111181127/tools/bin/../lib/gcc/arm-none-eabi/10.3.1/thumb/v6-m/nofp\libgcc.a
LOAD c:/st/stm32cubeide_1.10.1/stm32cubeide/plugins/com.st.stm32cube.ide.mcu.externaltools.gnu-tools-for-stm32.10.3-2021.10.win32_1.0.0.202111181127/tools/bin/../lib/gcc/arm-none-eabi/10.3.1/../../../../arm-none-eabi/lib/thumb/v6-m/nofp\libc_nano.a
END GROUP
START GROUP
LOAD c:/st/stm32cubeide_1.10.1/stm32cubeide/plugins/com.st.stm32cube.ide.mcu.externaltools.gnu-tools-for-stm32.10.3-2021.10.win32_1.0.0.202111181127/tools/bin/../lib/gcc/arm-none-eabi/10.3.1/thumb/v6-m/nofp\libgcc.a
LOAD c:/st/stm32cubeide_1.10.1/stm32cubeide/plugins/com.st.stm32cube.ide.mcu.externaltools.gnu-tools-for-stm32.10.3-2021.10.win32_1.0.0.202111181127/tools/bin/../lib/gcc/arm-none-eabi/10.3.1/../../../../arm-none-eabi/lib/thumb/v6-m/nofp\libc_nano.a
LOAD c:/st/stm32cubeide_1.10.1/stm32cubeide/plugins/com.st.stm32cube.ide.mcu.externaltools.gnu-tools-for-stm32.10.3-2021.10.win32_1.0.0.202111181127/tools/bin/../lib/gcc/arm-none-eabi/10.3.1/../../../../arm-none-eabi/lib/thumb/v6-m/nofp\libnosys.a
END GROUP
START GROUP
LOAD c:/st/stm32cubeide_1.10.1/stm32cubeide/plugins/com.st.stm32cube.ide.mcu.externaltools.gnu-tools-for-stm32.10.3-2021.10.win32_1.0.0.202111181127/tools/bin/../lib/gcc/arm-none-eabi/10.3.1/thumb/v6-m/nofp\libgcc.a
LOAD c:/st/stm32cubeide_1.10.1/stm32cubeide/plugins/com.st.stm32cube.ide.mcu.externaltools.gnu-tools-for-stm32.10.3-2021.10.win32_1.0.0.202111181127/tools/bin/../lib/gcc/arm-none-eabi/10.3.1/../../../../arm-none-eabi/lib/thumb/v6-m/nofp\libc_nano.a
LOAD c:/st/stm32cubeide_1.10.1/stm32cubeide/plugins/com.st.stm32cube.ide.mcu.externaltools.gnu-tools-for-stm32.10.3-2021.10.win32_1.0.0.202111181127/tools/bin/../lib/gcc/arm-none-eabi/10.3.1/../../../../arm-none-eabi/lib/thumb/v6-m/nofp\libnosys.a
END GROUP
LOAD c:/st/stm32cubeide_1.10.1/stm32cubeide/plugins/com.st.stm32cube.ide.mcu.externaltools.gnu-tools-for-stm32.10.3-2021.10.win32_1.0.0.202111181127/tools/bin/../lib/gcc/arm-none-eabi/10.3.1/thumb/v6-m/nofp/crtend.o
LOAD c:/st/stm32cubeide_1.10.1/stm32cubeide/plugins/com.st.stm32cube.ide.mcu.externaltools.gnu-tools-for-stm32.10.3-2021.10.win32_1.0.0.202111181127/tools/bin/../lib/gcc/arm-none-eabi/10.3.1/thumb/v6-m/nofp/crtn.o
                0x0000000020001800                _estack = (ORIGIN (RAM) + LENGTH (RAM))
                0x0000000000000200                _Min_Heap_Size = 0x200
                0x0000000000000400                _Min_Stack_Size = 0x400

.isr_vector     0x0000000008000000       0xc0
                0x0000000008000000                . = ALIGN (0x4)
 *(.isr_vector)
 .isr_vector    0x0000000008000000       0xc0 ./Core/Startup/startup_stm32f042k6tx.o
                0x0000000008000000                g_pfnVectors
                0x00000000080000c0                . = ALIGN (0x4)

.text           0x00000000080000c0     0xac98
                0x00000000080000c0                . = ALIGN (0x4)
 *(.text)
 .text          0x00000000080000c0       0x48 c:/st/stm32cubeide_1.10.1/stm32cubeide/plugins/com.st.stm32cube.ide.mcu.externaltools.gnu-tools-for-stm32.10.3-2021.10.win32_1.0.0.202111181127/tools/bin/../lib/gcc/arm-none-eabi/10.3.1/thumb/v6-m/nofp/crtbegin.o
 .text          0x0000000008000108        0xe c:/st/stm32cubeide_1.10.1/stm32cubeide/plugins/com.st.stm32cube.ide.mcu.externaltools.gnu-tools-for-stm32.10.3-2021.10.win32_1.0.0.202111181127/tools/bin/../lib/gcc/arm-none-eabi/10.3.1/../../../../arm-none-eabi/lib/thumb/v6-m/nofp\libc_nano.a(lib_a-strlen.o)
                0x0000000008000108                strlen
 *fill*         0x0000000008000116        0x2 
 .text          0x0000000008000118       0x14 c:/st/stm32cubeide_1.10.1/stm32cubeide/plugins/com.st.stm32cube.ide.mcu.externaltools.gnu-tools-for-stm32.10.3-2021.10.win32_1.0.0.202111181127/tools/bin/../lib/gcc/arm-none-eabi/10.3.1/thumb/v6-m/nofp\libgcc.a(_thumb1_case_shi.o)
                0x0000000008000118                __gnu_thumb1_case_shi
 .text          0x000000000800012c      0x114 c:/st/stm32cubeide_1.10.1/stm32cubeide/plugins/com.st.stm32cube.ide.mcu.externaltools.gnu-tools-for-stm32.10.3-2021.10.win32_1.0.0.202111181127/tools/bin/../lib/gcc/arm-none-eabi/10.3.1/thumb/v6-m/nofp\libgcc.a(_udivsi3.o)
                0x000000000800012c                __aeabi_uidiv
                0x000000000800012c                __udivsi3
                0x0000000008000238                __aeabi_uidivmod
 .text          0x0000000008000240        0x4 c:/st/stm32cubeide_1.10.1/stm32cubeide/plugins/com.st.stm32cube.ide.mcu.externaltools.gnu-tools-for-stm32.10.3-2021.10.win32_1.0.0.202111181127/tools/bin/../lib/gcc/arm-none-eabi/10.3.1/thumb/v6-m/nofp\libgcc.a(_dvmd_tls.o)
                0x0000000008000240                __aeabi_idiv0
                0x0000000008000240                __aeabi_ldiv0
 *(.text*)
 .text.main     0x0000000008000244      0x14c ./Core/Src/main.o
                0x0000000008000244                main
 .text.SystemClock_Config
                0x0000000008000390       0xb0 ./Core/Src/main.o
                0x0000000008000390                SystemClock_Config
 .text.MX_TIM3_Init
                0x0000000008000440       0xb0 ./Core/Src/main.o
 .text.MX_USART1_UART_Init
                0x00000000080004f0       0x60 ./Core/Src/main.o
 .text.MX_DMA_Init
                0x0000000008000550       0x3c ./Core/Src/main.o
 .text.MX_GPIO_Init
                0x000000000800058c       0x8c ./Core/Src/main.o
 .text.HAL_UART_TxCpltCallback
                0x0000000008000618       0xd0 ./Core/Src/main.o
                0x0000000008000618                HAL_UART_TxCpltCallback
 .text.HAL_UART_RxCpltCallback
                0x00000000080006e8      0x220 ./Core/Src/main.o
                0x00000000080006e8                HAL_UART_RxCpltCallback
 .text.HAL_TIM_PeriodElapsedCallback
                0x0000000008000908       0x70 ./Core/Src/main.o
                0x0000000008000908                HAL_TIM_PeriodElapsedCallback
 .text.Error_Handler
                0x0000000008000978        0xa ./Core/Src/main.o
                0x0000000008000978                Error_Handler
 *fill*         0x0000000008000982        0x2 
 .text.HAL_MspInit
                0x0000000008000984       0x48 ./Core/Src/stm32f0xx_hal_msp.o
                0x0000000008000984                HAL_MspInit
 .text.HAL_TIM_Base_MspInit
                0x00000000080009cc       0x4c ./Core/Src/stm32f0xx_hal_msp.o
                0x00000000080009cc                HAL_TIM_Base_MspInit
 .text.HAL_UART_MspInit
                0x0000000008000a18      0x154 ./Core/Src/stm32f0xx_hal_msp.o
                0x0000000008000a18                HAL_UART_MspInit
 .text.NMI_Handler
                0x0000000008000b6c        0x6 ./Core/Src/stm32f0xx_it.o
                0x0000000008000b6c                NMI_Handler
 .text.HardFault_Handler
                0x0000000008000b72        0x6 ./Core/Src/stm32f0xx_it.o
                0x0000000008000b72                HardFault_Handler
 .text.SVC_Handler
                0x0000000008000b78        0xa ./Core/Src/stm32f0xx_it.o
                0x0000000008000b78                SVC_Handler
 .text.PendSV_Handler
                0x0000000008000b82        0xa ./Core/Src/stm32f0xx_it.o
                0x0000000008000b82                PendSV_Handler
 .text.SysTick_Handler
                0x0000000008000b8c        0xe ./Core/Src/stm32f0xx_it.o
                0x0000000008000b8c                SysTick_Handler
 *fill*         0x0000000008000b9a        0x2 
 .text.DMA1_Channel2_3_IRQHandler
                0x0000000008000b9c       0x24 ./Core/Src/stm32f0xx_it.o
                0x0000000008000b9c                DMA1_Channel2_3_IRQHandler
 .text.TIM3_IRQHandler
                0x0000000008000bc0       0x18 ./Core/Src/stm32f0xx_it.o
                0x0000000008000bc0                TIM3_IRQHandler
 .text.USART1_IRQHandler
                0x0000000008000bd8       0x18 ./Core/Src/stm32f0xx_it.o
                0x0000000008000bd8                USART1_IRQHandler
 .text.USB_IRQHandler
                0x0000000008000bf0       0x18 ./Core/Src/stm32f0xx_it.o
                0x0000000008000bf0                USB_IRQHandler
 .text._sbrk    0x0000000008000c08       0x6c ./Core/Src/sysmem.o
                0x0000000008000c08                _sbrk
 .text.SystemInit
                0x0000000008000c74        0xa ./Core/Src/system_stm32f0xx.o
                0x0000000008000c74                SystemInit
 .text.calculate_crc
                0x0000000008000c7e       0x58 ./Core/Src/uart_common.o
                0x0000000008000c7e                calculate_crc
 .text.receive_gps_data
                0x0000000008000cd6       0xa8 ./Core/Src/uart_receive.o
                0x0000000008000cd6                receive_gps_data
 *fill*         0x0000000008000d7e        0x2 
 .text.Reset_Handler
                0x0000000008000d80       0x80 ./Core/Startup/startup_stm32f042k6tx.o
                0x0000000008000d80                Reset_Handler
 .text.Default_Handler
                0x0000000008000e00        0x2 ./Core/Startup/startup_stm32f042k6tx.o
                0x0000000008000e00                TIM1_CC_IRQHandler
                0x0000000008000e00                TSC_IRQHandler
                0x0000000008000e00                I2C1_IRQHandler
                0x0000000008000e00                RCC_CRS_IRQHandler
                0x0000000008000e00                SPI1_IRQHandler
                0x0000000008000e00                EXTI2_3_IRQHandler
                0x0000000008000e00                ADC1_IRQHandler
                0x0000000008000e00                TIM17_IRQHandler
                0x0000000008000e00                CEC_CAN_IRQHandler
                0x0000000008000e00                RTC_IRQHandler
                0x0000000008000e00                PVD_VDDIO2_IRQHandler
                0x0000000008000e00                TIM16_IRQHandler
                0x0000000008000e00                EXTI4_15_IRQHandler
                0x0000000008000e00                DMA1_Channel1_IRQHandler
                0x0000000008000e00                Default_Handler
                0x0000000008000e00                TIM14_IRQHandler
                0x0000000008000e00                DMA1_Channel4_5_IRQHandler
                0x0000000008000e00                EXTI0_1_IRQHandler
                0x0000000008000e00                SPI2_IRQHandler
                0x0000000008000e00                WWDG_IRQHandler
                0x0000000008000e00                TIM2_IRQHandler
                0x0000000008000e00                USART2_IRQHandler
                0x0000000008000e00                FLASH_IRQHandler
                0x0000000008000e00                TIM1_BRK_UP_TRG_COM_IRQHandler
 *fill*         0x0000000008000e02        0x2 
 .text.HAL_Init
                0x0000000008000e04       0x28 ./Drivers/STM32F0xx_HAL_Driver/stm32f0xx_hal.o
                0x0000000008000e04                HAL_Init
 .text.HAL_InitTick
                0x0000000008000e2c       0x68 ./Drivers/STM32F0xx_HAL_Driver/stm32f0xx_hal.o
                0x0000000008000e2c                HAL_InitTick
 .text.HAL_IncTick
                0x0000000008000e94       0x24 ./Drivers/STM32F0xx_HAL_Driver/stm32f0xx_hal.o
                0x0000000008000e94                HAL_IncTick
 .text.HAL_GetTick
                0x0000000008000eb8       0x14 ./Drivers/STM32F0xx_HAL_Driver/stm32f0xx_hal.o
                0x0000000008000eb8                HAL_GetTick
 .text.__NVIC_EnableIRQ
                0x0000000008000ecc       0x34 ./Drivers/STM32F0xx_HAL_Driver/stm32f0xx_hal_cortex.o
 .text.__NVIC_SetPriority
                0x0000000008000f00       0xdc ./Drivers/STM32F0xx_HAL_Driver/stm32f0xx_hal_cortex.o
 .text.SysTick_Config
                0x0000000008000fdc       0x48 ./Drivers/STM32F0xx_HAL_Driver/stm32f0xx_hal_cortex.o
 .text.HAL_NVIC_SetPriority
                0x0000000008001024       0x2a ./Drivers/STM32F0xx_HAL_Driver/stm32f0xx_hal_cortex.o
                0x0000000008001024                HAL_NVIC_SetPriority
 .text.HAL_NVIC_EnableIRQ
                0x000000000800104e       0x20 ./Drivers/STM32F0xx_HAL_Driver/stm32f0xx_hal_cortex.o
                0x000000000800104e                HAL_NVIC_EnableIRQ
 .text.HAL_SYSTICK_Config
                0x000000000800106e       0x1a ./Drivers/STM32F0xx_HAL_Driver/stm32f0xx_hal_cortex.o
                0x000000000800106e                HAL_SYSTICK_Config
 .text.HAL_DMA_Init
                0x0000000008001088       0x90 ./Drivers/STM32F0xx_HAL_Driver/stm32f0xx_hal_dma.o
                0x0000000008001088                HAL_DMA_Init
 .text.HAL_DMA_Start_IT
                0x0000000008001118       0xcc ./Drivers/STM32F0xx_HAL_Driver/stm32f0xx_hal_dma.o
                0x0000000008001118                HAL_DMA_Start_IT
 .text.HAL_DMA_Abort
                0x00000000080011e4       0x70 ./Drivers/STM32F0xx_HAL_Driver/stm32f0xx_hal_dma.o
                0x00000000080011e4                HAL_DMA_Abort
 .text.HAL_DMA_Abort_IT
                0x0000000008001254       0x8a ./Drivers/STM32F0xx_HAL_Driver/stm32f0xx_hal_dma.o
                0x0000000008001254                HAL_DMA_Abort_IT
 .text.HAL_DMA_IRQHandler
                0x00000000080012de      0x144 ./Drivers/STM32F0xx_HAL_Driver/stm32f0xx_hal_dma.o
                0x00000000080012de                HAL_DMA_IRQHandler
 .text.HAL_DMA_GetError
                0x0000000008001422       0x14 ./Drivers/STM32F0xx_HAL_Driver/stm32f0xx_hal_dma.o
                0x0000000008001422                HAL_DMA_GetError
 .text.DMA_SetConfig
                0x0000000008001436       0x58 ./Drivers/STM32F0xx_HAL_Driver/stm32f0xx_hal_dma.o
 *fill*         0x000000000800148e        0x2 
 .text.DMA_CalcBaseAndBitshift
                0x0000000008001490       0x38 ./Drivers/STM32F0xx_HAL_Driver/stm32f0xx_hal_dma.o
 .text.HAL_GPIO_Init
                0x00000000080014c8      0x2d0 ./Drivers/STM32F0xx_HAL_Driver/stm32f0xx_hal_gpio.o
                0x00000000080014c8                HAL_GPIO_Init
 .text.HAL_PCD_Init
                0x0000000008001798      0x1e8 ./Drivers/STM32F0xx_HAL_Driver/stm32f0xx_hal_pcd.o
                0x0000000008001798                HAL_PCD_Init
 .text.HAL_PCD_Start
                0x0000000008001980       0x4a ./Drivers/STM32F0xx_HAL_Driver/stm32f0xx_hal_pcd.o
                0x0000000008001980                HAL_PCD_Start
 *fill*         0x00000000080019ca        0x2 
 .text.HAL_PCD_IRQHandler
                0x00000000080019cc      0x288 ./Drivers/STM32F0xx_HAL_Driver/stm32f0xx_hal_pcd.o
                0x00000000080019cc                HAL_PCD_IRQHandler
 .text.HAL_PCD_SetAddress
                0x0000000008001c54       0x54 ./Drivers/STM32F0xx_HAL_Driver/stm32f0xx_hal_pcd.o
                0x0000000008001c54                HAL_PCD_SetAddress
 .text.HAL_PCD_EP_Open
                0x0000000008001ca8       0xde ./Drivers/STM32F0xx_HAL_Driver/stm32f0xx_hal_pcd.o
                0x0000000008001ca8                HAL_PCD_EP_Open
 .text.HAL_PCD_EP_Close
                0x0000000008001d86       0xa2 ./Drivers/STM32F0xx_HAL_Driver/stm32f0xx_hal_pcd.o
                0x0000000008001d86                HAL_PCD_EP_Close
 .text.HAL_PCD_EP_Receive
                0x0000000008001e28       0x6e ./Drivers/STM32F0xx_HAL_Driver/stm32f0xx_hal_pcd.o
                0x0000000008001e28                HAL_PCD_EP_Receive
 .text.HAL_PCD_EP_GetRxCount
                0x0000000008001e96       0x32 ./Drivers/STM32F0xx_HAL_Driver/stm32f0xx_hal_pcd.o
                0x0000000008001e96                HAL_PCD_EP_GetRxCount
 .text.HAL_PCD_EP_Transmit
                0x0000000008001ec8       0x78 ./Drivers/STM32F0xx_HAL_Driver/stm32f0xx_hal_pcd.o
                0x0000000008001ec8                HAL_PCD_EP_Transmit
 .text.HAL_PCD_EP_SetStall
                0x0000000008001f40       0xb8 ./Drivers/STM32F0xx_HAL_Driver/stm32f0xx_hal_pcd.o
                0x0000000008001f40                HAL_PCD_EP_SetStall
 .text.HAL_PCD_EP_ClrStall
                0x0000000008001ff8       0xbc ./Drivers/STM32F0xx_HAL_Driver/stm32f0xx_hal_pcd.o
                0x0000000008001ff8                HAL_PCD_EP_ClrStall
 .text.PCD_EP_ISR_Handler
                0x00000000080020b4      0x808 ./Drivers/STM32F0xx_HAL_Driver/stm32f0xx_hal_pcd.o
 .text.HAL_PCD_EP_DB_Receive
                0x00000000080028bc      0x238 ./Drivers/STM32F0xx_HAL_Driver/stm32f0xx_hal_pcd.o
 .text.HAL_PCD_EP_DB_Transmit
                0x0000000008002af4      0x820 ./Drivers/STM32F0xx_HAL_Driver/stm32f0xx_hal_pcd.o
 .text.HAL_PCDEx_PMAConfig
                0x0000000008003314       0x9c ./Drivers/STM32F0xx_HAL_Driver/stm32f0xx_hal_pcd_ex.o
                0x0000000008003314                HAL_PCDEx_PMAConfig
 .text.HAL_PCDEx_ActivateLPM
                0x00000000080033b0       0x54 ./Drivers/STM32F0xx_HAL_Driver/stm32f0xx_hal_pcd_ex.o
                0x00000000080033b0                HAL_PCDEx_ActivateLPM
 .text.HAL_PCDEx_LPM_Callback
                0x0000000008003404       0x16 ./Drivers/STM32F0xx_HAL_Driver/stm32f0xx_hal_pcd_ex.o
                0x0000000008003404                HAL_PCDEx_LPM_Callback
 *fill*         0x000000000800341a        0x2 
 .text.HAL_RCC_OscConfig
                0x000000000800341c      0x70c ./Drivers/STM32F0xx_HAL_Driver/stm32f0xx_hal_rcc.o
                0x000000000800341c                HAL_RCC_OscConfig
 .text.HAL_RCC_ClockConfig
                0x0000000008003b28      0x1b4 ./Drivers/STM32F0xx_HAL_Driver/stm32f0xx_hal_rcc.o
                0x0000000008003b28                HAL_RCC_ClockConfig
 .text.HAL_RCC_GetSysClockFreq
                0x0000000008003cdc       0xe4 ./Drivers/STM32F0xx_HAL_Driver/stm32f0xx_hal_rcc.o
                0x0000000008003cdc                HAL_RCC_GetSysClockFreq
 .text.HAL_RCC_GetHCLKFreq
                0x0000000008003dc0       0x14 ./Drivers/STM32F0xx_HAL_Driver/stm32f0xx_hal_rcc.o
                0x0000000008003dc0                HAL_RCC_GetHCLKFreq
 .text.HAL_RCC_GetPCLK1Freq
                0x0000000008003dd4       0x2c ./Drivers/STM32F0xx_HAL_Driver/stm32f0xx_hal_rcc.o
                0x0000000008003dd4                HAL_RCC_GetPCLK1Freq
 .text.HAL_RCCEx_PeriphCLKConfig
                0x0000000008003e00      0x1dc ./Drivers/STM32F0xx_HAL_Driver/stm32f0xx_hal_rcc_ex.o
                0x0000000008003e00                HAL_RCCEx_PeriphCLKConfig
 .text.HAL_TIM_Base_Init
                0x0000000008003fdc       0xa0 ./Drivers/STM32F0xx_HAL_Driver/stm32f0xx_hal_tim.o
                0x0000000008003fdc                HAL_TIM_Base_Init
 .text.HAL_TIM_Base_Start_IT
                0x000000000800407c       0x98 ./Drivers/STM32F0xx_HAL_Driver/stm32f0xx_hal_tim.o
                0x000000000800407c                HAL_TIM_Base_Start_IT
 .text.HAL_TIM_Base_Stop_IT
                0x0000000008004114       0x5c ./Drivers/STM32F0xx_HAL_Driver/stm32f0xx_hal_tim.o
                0x0000000008004114                HAL_TIM_Base_Stop_IT
 .text.HAL_TIM_IRQHandler
                0x0000000008004170      0x1dc ./Drivers/STM32F0xx_HAL_Driver/stm32f0xx_hal_tim.o
                0x0000000008004170                HAL_TIM_IRQHandler
 .text.HAL_TIM_ConfigClockSource
                0x000000000800434c      0x1a8 ./Drivers/STM32F0xx_HAL_Driver/stm32f0xx_hal_tim.o
                0x000000000800434c                HAL_TIM_ConfigClockSource
 .text.HAL_TIM_OC_DelayElapsedCallback
                0x00000000080044f4       0x10 ./Drivers/STM32F0xx_HAL_Driver/stm32f0xx_hal_tim.o
                0x00000000080044f4                HAL_TIM_OC_DelayElapsedCallback
 .text.HAL_TIM_IC_CaptureCallback
                0x0000000008004504       0x10 ./Drivers/STM32F0xx_HAL_Driver/stm32f0xx_hal_tim.o
                0x0000000008004504                HAL_TIM_IC_CaptureCallback
 .text.HAL_TIM_PWM_PulseFinishedCallback
                0x0000000008004514       0x10 ./Drivers/STM32F0xx_HAL_Driver/stm32f0xx_hal_tim.o
                0x0000000008004514                HAL_TIM_PWM_PulseFinishedCallback
 .text.HAL_TIM_TriggerCallback
                0x0000000008004524       0x10 ./Drivers/STM32F0xx_HAL_Driver/stm32f0xx_hal_tim.o
                0x0000000008004524                HAL_TIM_TriggerCallback
 .text.TIM_Base_SetConfig
                0x0000000008004534      0x108 ./Drivers/STM32F0xx_HAL_Driver/stm32f0xx_hal_tim.o
                0x0000000008004534                TIM_Base_SetConfig
 .text.TIM_TI1_ConfigInputStage
                0x000000000800463c       0x5c ./Drivers/STM32F0xx_HAL_Driver/stm32f0xx_hal_tim.o
 .text.TIM_TI2_ConfigInputStage
                0x0000000008004698       0x64 ./Drivers/STM32F0xx_HAL_Driver/stm32f0xx_hal_tim.o
 .text.TIM_ITRx_SetConfig
                0x00000000080046fc       0x32 ./Drivers/STM32F0xx_HAL_Driver/stm32f0xx_hal_tim.o
 *fill*         0x000000000800472e        0x2 
 .text.TIM_ETR_SetConfig
                0x0000000008004730       0x40 ./Drivers/STM32F0xx_HAL_Driver/stm32f0xx_hal_tim.o
                0x0000000008004730                TIM_ETR_SetConfig
 .text.HAL_TIMEx_MasterConfigSynchronization
                0x0000000008004770       0xb0 ./Drivers/STM32F0xx_HAL_Driver/stm32f0xx_hal_tim_ex.o
                0x0000000008004770                HAL_TIMEx_MasterConfigSynchronization
 .text.HAL_TIMEx_CommutCallback
                0x0000000008004820       0x10 ./Drivers/STM32F0xx_HAL_Driver/stm32f0xx_hal_tim_ex.o
                0x0000000008004820                HAL_TIMEx_CommutCallback
 .text.HAL_TIMEx_BreakCallback
                0x0000000008004830       0x10 ./Drivers/STM32F0xx_HAL_Driver/stm32f0xx_hal_tim_ex.o
                0x0000000008004830                HAL_TIMEx_BreakCallback
 .text.HAL_UART_Init
                0x0000000008004840       0xa8 ./Drivers/STM32F0xx_HAL_Driver/stm32f0xx_hal_uart.o
                0x0000000008004840                HAL_UART_Init
 .text.HAL_UART_Transmit_DMA
                0x00000000080048e8      0x120 ./Drivers/STM32F0xx_HAL_Driver/stm32f0xx_hal_uart.o
                0x00000000080048e8                HAL_UART_Transmit_DMA
 .text.HAL_UART_Receive_DMA
                0x0000000008004a08       0xae ./Drivers/STM32F0xx_HAL_Driver/stm32f0xx_hal_uart.o
                0x0000000008004a08                HAL_UART_Receive_DMA
 .text.HAL_UART_DMAStop
                0x0000000008004ab6      0x120 ./Drivers/STM32F0xx_HAL_Driver/stm32f0xx_hal_uart.o
                0x0000000008004ab6                HAL_UART_DMAStop
 *fill*         0x0000000008004bd6        0x2 
 .text.HAL_UART_IRQHandler
                0x0000000008004bd8      0x5c0 ./Drivers/STM32F0xx_HAL_Driver/stm32f0xx_hal_uart.o
                0x0000000008004bd8                HAL_UART_IRQHandler
 .text.HAL_UART_TxHalfCpltCallback
                0x0000000008005198       0x10 ./Drivers/STM32F0xx_HAL_Driver/stm32f0xx_hal_uart.o
                0x0000000008005198                HAL_UART_TxHalfCpltCallback
 .text.HAL_UART_RxHalfCpltCallback
                0x00000000080051a8       0x10 ./Drivers/STM32F0xx_HAL_Driver/stm32f0xx_hal_uart.o
                0x00000000080051a8                HAL_UART_RxHalfCpltCallback
 .text.HAL_UART_ErrorCallback
                0x00000000080051b8       0x10 ./Drivers/STM32F0xx_HAL_Driver/stm32f0xx_hal_uart.o
                0x00000000080051b8                HAL_UART_ErrorCallback
 .text.HAL_UARTEx_RxEventCallback
                0x00000000080051c8       0x16 ./Drivers/STM32F0xx_HAL_Driver/stm32f0xx_hal_uart.o
                0x00000000080051c8                HAL_UARTEx_RxEventCallback
 *fill*         0x00000000080051de        0x2 
 .text.UART_SetConfig
                0x00000000080051e0      0x280 ./Drivers/STM32F0xx_HAL_Driver/stm32f0xx_hal_uart.o
                0x00000000080051e0                UART_SetConfig
 .text.UART_AdvFeatureConfig
                0x0000000008005460      0x168 ./Drivers/STM32F0xx_HAL_Driver/stm32f0xx_hal_uart.o
                0x0000000008005460                UART_AdvFeatureConfig
 .text.UART_CheckIdleState
                0x00000000080055c8      0x150 ./Drivers/STM32F0xx_HAL_Driver/stm32f0xx_hal_uart.o
                0x00000000080055c8                UART_CheckIdleState
 .text.UART_WaitOnFlagUntilTimeout
                0x0000000008005718       0xde ./Drivers/STM32F0xx_HAL_Driver/stm32f0xx_hal_uart.o
                0x0000000008005718                UART_WaitOnFlagUntilTimeout
 *fill*         0x00000000080057f6        0x2 
 .text.UART_Start_Receive_DMA
                0x00000000080057f8      0x140 ./Drivers/STM32F0xx_HAL_Driver/stm32f0xx_hal_uart.o
                0x00000000080057f8                UART_Start_Receive_DMA
 .text.UART_EndTxTransfer
                0x0000000008005938       0x48 ./Drivers/STM32F0xx_HAL_Driver/stm32f0xx_hal_uart.o
 .text.UART_EndRxTransfer
                0x0000000008005980       0xc8 ./Drivers/STM32F0xx_HAL_Driver/stm32f0xx_hal_uart.o
 .text.UART_DMATransmitCplt
                0x0000000008005a48       0x94 ./Drivers/STM32F0xx_HAL_Driver/stm32f0xx_hal_uart.o
 .text.UART_DMATxHalfCplt
                0x0000000008005adc       0x1e ./Drivers/STM32F0xx_HAL_Driver/stm32f0xx_hal_uart.o
 *fill*         0x0000000008005afa        0x2 
 .text.UART_DMAReceiveCplt
                0x0000000008005afc      0x12c ./Drivers/STM32F0xx_HAL_Driver/stm32f0xx_hal_uart.o
 .text.UART_DMARxHalfCplt
                0x0000000008005c28       0x42 ./Drivers/STM32F0xx_HAL_Driver/stm32f0xx_hal_uart.o
 .text.UART_DMAError
                0x0000000008005c6a       0x84 ./Drivers/STM32F0xx_HAL_Driver/stm32f0xx_hal_uart.o
 .text.UART_DMAAbortOnError
                0x0000000008005cee       0x2e ./Drivers/STM32F0xx_HAL_Driver/stm32f0xx_hal_uart.o
 .text.UART_EndTransmit_IT
                0x0000000008005d1c       0x56 ./Drivers/STM32F0xx_HAL_Driver/stm32f0xx_hal_uart.o
 .text.HAL_UARTEx_WakeupCallback
                0x0000000008005d72       0x10 ./Drivers/STM32F0xx_HAL_Driver/stm32f0xx_hal_uart_ex.o
                0x0000000008005d72                HAL_UARTEx_WakeupCallback
 *fill*         0x0000000008005d82        0x2 
 .text.USB_EnableGlobalInt
                0x0000000008005d84       0x2c ./Drivers/STM32F0xx_HAL_Driver/stm32f0xx_ll_usb.o
                0x0000000008005d84                USB_EnableGlobalInt
 .text.USB_DisableGlobalInt
                0x0000000008005db0       0x34 ./Drivers/STM32F0xx_HAL_Driver/stm32f0xx_ll_usb.o
                0x0000000008005db0                USB_DisableGlobalInt
 .text.USB_DevInit
                0x0000000008005de4       0x38 ./Drivers/STM32F0xx_HAL_Driver/stm32f0xx_ll_usb.o
                0x0000000008005de4                USB_DevInit
 .text.USB_ActivateEndpoint
                0x0000000008005e1c      0x750 ./Drivers/STM32F0xx_HAL_Driver/stm32f0xx_ll_usb.o
                0x0000000008005e1c                USB_ActivateEndpoint
 .text.USB_DeactivateEndpoint
                0x000000000800656c      0x380 ./Drivers/STM32F0xx_HAL_Driver/stm32f0xx_ll_usb.o
                0x000000000800656c                USB_DeactivateEndpoint
 .text.USB_EPStartXfer
                0x00000000080068ec     0x1260 ./Drivers/STM32F0xx_HAL_Driver/stm32f0xx_ll_usb.o
                0x00000000080068ec                USB_EPStartXfer
 .text.USB_EPSetStall
                0x0000000008007b4c       0xa0 ./Drivers/STM32F0xx_HAL_Driver/stm32f0xx_ll_usb.o
                0x0000000008007b4c                USB_EPSetStall
 .text.USB_EPClearStall
                0x0000000008007bec      0x164 ./Drivers/STM32F0xx_HAL_Driver/stm32f0xx_ll_usb.o
                0x0000000008007bec                USB_EPClearStall
 .text.USB_SetDevAddress
                0x0000000008007d50       0x28 ./Drivers/STM32F0xx_HAL_Driver/stm32f0xx_ll_usb.o
                0x0000000008007d50                USB_SetDevAddress
 .text.USB_DevConnect
                0x0000000008007d78       0x2c ./Drivers/STM32F0xx_HAL_Driver/stm32f0xx_ll_usb.o
                0x0000000008007d78                USB_DevConnect
 .text.USB_ReadInterrupts
                0x0000000008007da4       0x1c ./Drivers/STM32F0xx_HAL_Driver/stm32f0xx_ll_usb.o
                0x0000000008007da4                USB_ReadInterrupts
 .text.USB_WritePMA
                0x0000000008007dc0       0x92 ./Drivers/STM32F0xx_HAL_Driver/stm32f0xx_ll_usb.o
                0x0000000008007dc0                USB_WritePMA
 .text.USB_ReadPMA
                0x0000000008007e52       0x9e ./Drivers/STM32F0xx_HAL_Driver/stm32f0xx_ll_usb.o
                0x0000000008007e52                USB_ReadPMA
 .text.USBD_CDC_Init
                0x0000000008007ef0      0x118 ./Middlewares/USB_Device_Library/usbd_cdc.o
 .text.USBD_CDC_DeInit
                0x0000000008008008       0x88 ./Middlewares/USB_Device_Library/usbd_cdc.o
 .text.USBD_CDC_Setup
                0x0000000008008090      0x190 ./Middlewares/USB_Device_Library/usbd_cdc.o
 .text.USBD_CDC_DataIn
                0x0000000008008220       0xb6 ./Middlewares/USB_Device_Library/usbd_cdc.o
 .text.USBD_CDC_DataOut
                0x00000000080082d6       0x6a ./Middlewares/USB_Device_Library/usbd_cdc.o
 .text.USBD_CDC_EP0_RxReady
                0x0000000008008340       0x60 ./Middlewares/USB_Device_Library/usbd_cdc.o
 .text.USBD_CDC_GetFSCfgDesc
                0x00000000080083a0       0x1c ./Middlewares/USB_Device_Library/usbd_cdc.o
 .text.USBD_CDC_GetHSCfgDesc
                0x00000000080083bc       0x1c ./Middlewares/USB_Device_Library/usbd_cdc.o
 .text.USBD_CDC_GetOtherSpeedCfgDesc
                0x00000000080083d8       0x1c ./Middlewares/USB_Device_Library/usbd_cdc.o
 .text.USBD_CDC_GetDeviceQualifierDescriptor
                0x00000000080083f4       0x1c ./Middlewares/USB_Device_Library/usbd_cdc.o
                0x00000000080083f4                USBD_CDC_GetDeviceQualifierDescriptor
 .text.USBD_CDC_RegisterInterface
                0x0000000008008410       0x36 ./Middlewares/USB_Device_Library/usbd_cdc.o
                0x0000000008008410                USBD_CDC_RegisterInterface
 .text.USBD_CDC_SetTxBuffer
                0x0000000008008446       0x38 ./Middlewares/USB_Device_Library/usbd_cdc.o
                0x0000000008008446                USBD_CDC_SetTxBuffer
 .text.USBD_CDC_SetRxBuffer
                0x000000000800847e       0x28 ./Middlewares/USB_Device_Library/usbd_cdc.o
                0x000000000800847e                USBD_CDC_SetRxBuffer
 .text.USBD_CDC_TransmitPacket
                0x00000000080084a6       0x6e ./Middlewares/USB_Device_Library/usbd_cdc.o
                0x00000000080084a6                USBD_CDC_TransmitPacket
 .text.USBD_CDC_ReceivePacket
                0x0000000008008514       0x5c ./Middlewares/USB_Device_Library/usbd_cdc.o
                0x0000000008008514                USBD_CDC_ReceivePacket
 .text.USBD_Init
                0x0000000008008570       0x62 ./Middlewares/USB_Device_Library/usbd_core.o
                0x0000000008008570                USBD_Init
 .text.USBD_RegisterClass
                0x00000000080085d2       0x40 ./Middlewares/USB_Device_Library/usbd_core.o
                0x00000000080085d2                USBD_RegisterClass
 .text.USBD_Start
                0x0000000008008612       0x1a ./Middlewares/USB_Device_Library/usbd_core.o
                0x0000000008008612                USBD_Start
 .text.USBD_RunTestMode
                0x000000000800862c       0x12 ./Middlewares/USB_Device_Library/usbd_core.o
                0x000000000800862c                USBD_RunTestMode
 .text.USBD_SetClassConfig
                0x000000000800863e       0x4e ./Middlewares/USB_Device_Library/usbd_core.o
                0x000000000800863e                USBD_SetClassConfig
 .text.USBD_ClrClassConfig
                0x000000000800868c       0x2c ./Middlewares/USB_Device_Library/usbd_core.o
                0x000000000800868c                USBD_ClrClassConfig
 .text.USBD_LL_SetupStage
                0x00000000080086b8       0xbc ./Middlewares/USB_Device_Library/usbd_core.o
                0x00000000080086b8                USBD_LL_SetupStage
 .text.USBD_LL_DataOutStage
                0x0000000008008774      0x104 ./Middlewares/USB_Device_Library/usbd_core.o
                0x0000000008008774                USBD_LL_DataOutStage
 .text.USBD_LL_DataInStage
                0x0000000008008878      0x17a ./Middlewares/USB_Device_Library/usbd_core.o
                0x0000000008008878                USBD_LL_DataInStage
 .text.USBD_LL_Reset
                0x00000000080089f2       0x90 ./Middlewares/USB_Device_Library/usbd_core.o
                0x00000000080089f2                USBD_LL_Reset
 .text.USBD_LL_SetSpeed
                0x0000000008008a82       0x20 ./Middlewares/USB_Device_Library/usbd_core.o
                0x0000000008008a82                USBD_LL_SetSpeed
 *fill*         0x0000000008008aa2        0x2 
 .text.USBD_LL_Suspend
                0x0000000008008aa4       0x30 ./Middlewares/USB_Device_Library/usbd_core.o
                0x0000000008008aa4                USBD_LL_Suspend
 .text.USBD_LL_Resume
                0x0000000008008ad4       0x30 ./Middlewares/USB_Device_Library/usbd_core.o
                0x0000000008008ad4                USBD_LL_Resume
 .text.USBD_LL_SOF
                0x0000000008008b04       0x3c ./Middlewares/USB_Device_Library/usbd_core.o
                0x0000000008008b04                USBD_LL_SOF
 .text.USBD_StdDevReq
                0x0000000008008b40       0xe4 ./Middlewares/USB_Device_Library/usbd_ctlreq.o
                0x0000000008008b40                USBD_StdDevReq
 .text.USBD_StdItfReq
                0x0000000008008c24       0xae ./Middlewares/USB_Device_Library/usbd_ctlreq.o
                0x0000000008008c24                USBD_StdItfReq
 .text.USBD_StdEPReq
                0x0000000008008cd2      0x36c ./Middlewares/USB_Device_Library/usbd_ctlreq.o
                0x0000000008008cd2                USBD_StdEPReq
 *fill*         0x000000000800903e        0x2 
 .text.USBD_GetDescriptor
                0x0000000008009040      0x364 ./Middlewares/USB_Device_Library/usbd_ctlreq.o
 .text.USBD_SetAddress
                0x00000000080093a4       0xa8 ./Middlewares/USB_Device_Library/usbd_ctlreq.o
 .text.USBD_SetConfig
                0x000000000800944c      0x148 ./Middlewares/USB_Device_Library/usbd_ctlreq.o
 .text.USBD_GetConfig
                0x0000000008009594       0x76 ./Middlewares/USB_Device_Library/usbd_ctlreq.o
 .text.USBD_GetStatus
                0x000000000800960a       0x74 ./Middlewares/USB_Device_Library/usbd_ctlreq.o
 .text.USBD_SetFeature
                0x000000000800967e       0x2c ./Middlewares/USB_Device_Library/usbd_ctlreq.o
 .text.USBD_ClrFeature
                0x00000000080096aa       0x4c ./Middlewares/USB_Device_Library/usbd_ctlreq.o
 .text.USBD_ParseSetupRequest
                0x00000000080096f6       0x76 ./Middlewares/USB_Device_Library/usbd_ctlreq.o
                0x00000000080096f6                USBD_ParseSetupRequest
 .text.USBD_CtlError
                0x000000000800976c       0x26 ./Middlewares/USB_Device_Library/usbd_ctlreq.o
                0x000000000800976c                USBD_CtlError
 .text.USBD_GetString
                0x0000000008009792       0x9c ./Middlewares/USB_Device_Library/usbd_ctlreq.o
                0x0000000008009792                USBD_GetString
 .text.USBD_GetLen
                0x000000000800982e       0x3a ./Middlewares/USB_Device_Library/usbd_ctlreq.o
 .text.USBD_CtlSendData
                0x0000000008009868       0x40 ./Middlewares/USB_Device_Library/usbd_ioreq.o
                0x0000000008009868                USBD_CtlSendData
 .text.USBD_CtlContinueSendData
                0x00000000080098a8       0x26 ./Middlewares/USB_Device_Library/usbd_ioreq.o
                0x00000000080098a8                USBD_CtlContinueSendData
 .text.USBD_CtlPrepareRx
                0x00000000080098ce       0x48 ./Middlewares/USB_Device_Library/usbd_ioreq.o
                0x00000000080098ce                USBD_CtlPrepareRx
 .text.USBD_CtlContinueRx
                0x0000000008009916       0x26 ./Middlewares/USB_Device_Library/usbd_ioreq.o
                0x0000000008009916                USBD_CtlContinueRx
 .text.USBD_CtlSendStatus
                0x000000000800993c       0x28 ./Middlewares/USB_Device_Library/usbd_ioreq.o
                0x000000000800993c                USBD_CtlSendStatus
 .text.USBD_CtlReceiveStatus
                0x0000000008009964       0x28 ./Middlewares/USB_Device_Library/usbd_ioreq.o
                0x0000000008009964                USBD_CtlReceiveStatus
 .text.MX_USB_DEVICE_Init
                0x000000000800998c       0x68 ./USB_DEVICE/App/usb_device.o
                0x000000000800998c                MX_USB_DEVICE_Init
 .text.CDC_Init_FS
                0x00000000080099f4       0x30 ./USB_DEVICE/App/usbd_cdc_if.o
 .text.CDC_DeInit_FS
                0x0000000008009a24        0xc ./USB_DEVICE/App/usbd_cdc_if.o
 .text.CDC_Control_FS
                0x0000000008009a30       0x38 ./USB_DEVICE/App/usbd_cdc_if.o
 .text.CDC_Receive_FS
                0x0000000008009a68       0x2c ./USB_DEVICE/App/usbd_cdc_if.o
 .text.CDC_Transmit_FS
                0x0000000008009a94       0x60 ./USB_DEVICE/App/usbd_cdc_if.o
                0x0000000008009a94                CDC_Transmit_FS
 .text.USBD_FS_DeviceDescriptor
                0x0000000008009af4       0x24 ./USB_DEVICE/App/usbd_desc.o
                0x0000000008009af4                USBD_FS_DeviceDescriptor
 .text.USBD_FS_LangIDStrDescriptor
                0x0000000008009b18       0x24 ./USB_DEVICE/App/usbd_desc.o
                0x0000000008009b18                USBD_FS_LangIDStrDescriptor
 .text.USBD_FS_ProductStrDescriptor
                0x0000000008009b3c       0x44 ./USB_DEVICE/App/usbd_desc.o
                0x0000000008009b3c                USBD_FS_ProductStrDescriptor
 .text.USBD_FS_ManufacturerStrDescriptor
                0x0000000008009b80       0x2c ./USB_DEVICE/App/usbd_desc.o
                0x0000000008009b80                USBD_FS_ManufacturerStrDescriptor
 .text.USBD_FS_SerialStrDescriptor
                0x0000000008009bac       0x28 ./USB_DEVICE/App/usbd_desc.o
                0x0000000008009bac                USBD_FS_SerialStrDescriptor
 .text.USBD_FS_ConfigStrDescriptor
                0x0000000008009bd4       0x44 ./USB_DEVICE/App/usbd_desc.o
                0x0000000008009bd4                USBD_FS_ConfigStrDescriptor
 .text.USBD_FS_InterfaceStrDescriptor
                0x0000000008009c18       0x44 ./USB_DEVICE/App/usbd_desc.o
                0x0000000008009c18                USBD_FS_InterfaceStrDescriptor
 .text.Get_SerialNum
                0x0000000008009c5c       0x5c ./USB_DEVICE/App/usbd_desc.o
 .text.IntToUnicode
                0x0000000008009cb8       0x96 ./USB_DEVICE/App/usbd_desc.o
 *fill*         0x0000000008009d4e        0x2 
 .text.HAL_PCD_MspInit
                0x0000000008009d50       0x50 ./USB_DEVICE/Target/usbd_conf.o
                0x0000000008009d50                HAL_PCD_MspInit
 .text.HAL_PCD_SetupStageCallback
                0x0000000008009da0       0x2a ./USB_DEVICE/Target/usbd_conf.o
                0x0000000008009da0                HAL_PCD_SetupStageCallback
 .text.HAL_PCD_DataOutStageCallback
                0x0000000008009dca       0x42 ./USB_DEVICE/Target/usbd_conf.o
                0x0000000008009dca                HAL_PCD_DataOutStageCallback
 .text.HAL_PCD_DataInStageCallback
                0x0000000008009e0c       0x3c ./USB_DEVICE/Target/usbd_conf.o
                0x0000000008009e0c                HAL_PCD_DataInStageCallback
 .text.HAL_PCD_SOFCallback
                0x0000000008009e48       0x1e ./USB_DEVICE/Target/usbd_conf.o
                0x0000000008009e48                HAL_PCD_SOFCallback
 .text.HAL_PCD_ResetCallback
                0x0000000008009e66       0x48 ./USB_DEVICE/Target/usbd_conf.o
                0x0000000008009e66                HAL_PCD_ResetCallback
 *fill*         0x0000000008009eae        0x2 
 .text.HAL_PCD_SuspendCallback
                0x0000000008009eb0       0x38 ./USB_DEVICE/Target/usbd_conf.o
                0x0000000008009eb0                HAL_PCD_SuspendCallback
 .text.HAL_PCD_ResumeCallback
                0x0000000008009ee8       0x3c ./USB_DEVICE/Target/usbd_conf.o
                0x0000000008009ee8                HAL_PCD_ResumeCallback
 .text.USBD_LL_Init
                0x0000000008009f24       0xc8 ./USB_DEVICE/Target/usbd_conf.o
                0x0000000008009f24                USBD_LL_Init
 .text.USBD_LL_Start
                0x0000000008009fec       0x4a ./USB_DEVICE/Target/usbd_conf.o
                0x0000000008009fec                USBD_LL_Start
 .text.USBD_LL_OpenEP
                0x000000000800a036       0x6e ./USB_DEVICE/Target/usbd_conf.o
                0x000000000800a036                USBD_LL_OpenEP
 .text.USBD_LL_CloseEP
                0x000000000800a0a4       0x56 ./USB_DEVICE/Target/usbd_conf.o
                0x000000000800a0a4                USBD_LL_CloseEP
 .text.USBD_LL_StallEP
                0x000000000800a0fa       0x56 ./USB_DEVICE/Target/usbd_conf.o
                0x000000000800a0fa                USBD_LL_StallEP
 .text.USBD_LL_ClearStallEP
                0x000000000800a150       0x56 ./USB_DEVICE/Target/usbd_conf.o
                0x000000000800a150                USBD_LL_ClearStallEP
 .text.USBD_LL_IsStallEP
                0x000000000800a1a6       0x60 ./USB_DEVICE/Target/usbd_conf.o
                0x000000000800a1a6                USBD_LL_IsStallEP
 .text.USBD_LL_SetUSBAddress
                0x000000000800a206       0x56 ./USB_DEVICE/Target/usbd_conf.o
                0x000000000800a206                USBD_LL_SetUSBAddress
 .text.USBD_LL_Transmit
                0x000000000800a25c       0x6e ./USB_DEVICE/Target/usbd_conf.o
                0x000000000800a25c                USBD_LL_Transmit
 .text.USBD_LL_PrepareReceive
                0x000000000800a2ca       0x6e ./USB_DEVICE/Target/usbd_conf.o
                0x000000000800a2ca                USBD_LL_PrepareReceive
 .text.USBD_LL_GetRxDataSize
                0x000000000800a338       0x2c ./USB_DEVICE/Target/usbd_conf.o
                0x000000000800a338                USBD_LL_GetRxDataSize
 .text.USBD_static_malloc
                0x000000000800a364       0x18 ./USB_DEVICE/Target/usbd_conf.o
                0x000000000800a364                USBD_static_malloc
 .text.USBD_static_free
                0x000000000800a37c       0x10 ./USB_DEVICE/Target/usbd_conf.o
                0x000000000800a37c                USBD_static_free
 .text.SystemClockConfig_Resume
                0x000000000800a38c        0xe ./USB_DEVICE/Target/usbd_conf.o
 .text.USBD_Get_USB_Status
                0x000000000800a39a       0x6e ./USB_DEVICE/Target/usbd_conf.o
 .text.__errno  0x000000000800a408        0xc c:/st/stm32cubeide_1.10.1/stm32cubeide/plugins/com.st.stm32cube.ide.mcu.externaltools.gnu-tools-for-stm32.10.3-2021.10.win32_1.0.0.202111181127/tools/bin/../lib/gcc/arm-none-eabi/10.3.1/../../../../arm-none-eabi/lib/thumb/v6-m/nofp\libc_nano.a(lib_a-errno.o)
                0x000000000800a408                __errno
 .text.__libc_init_array
                0x000000000800a414       0x48 c:/st/stm32cubeide_1.10.1/stm32cubeide/plugins/com.st.stm32cube.ide.mcu.externaltools.gnu-tools-for-stm32.10.3-2021.10.win32_1.0.0.202111181127/tools/bin/../lib/gcc/arm-none-eabi/10.3.1/../../../../arm-none-eabi/lib/thumb/v6-m/nofp\libc_nano.a(lib_a-init.o)
                0x000000000800a414                __libc_init_array
 .text.memcpy   0x000000000800a45c       0x12 c:/st/stm32cubeide_1.10.1/stm32cubeide/plugins/com.st.stm32cube.ide.mcu.externaltools.gnu-tools-for-stm32.10.3-2021.10.win32_1.0.0.202111181127/tools/bin/../lib/gcc/arm-none-eabi/10.3.1/../../../../arm-none-eabi/lib/thumb/v6-m/nofp\libc_nano.a(lib_a-memcpy-stub.o)
                0x000000000800a45c                memcpy
 .text.memset   0x000000000800a46e       0x10 c:/st/stm32cubeide_1.10.1/stm32cubeide/plugins/com.st.stm32cube.ide.mcu.externaltools.gnu-tools-for-stm32.10.3-2021.10.win32_1.0.0.202111181127/tools/bin/../lib/gcc/arm-none-eabi/10.3.1/../../../../arm-none-eabi/lib/thumb/v6-m/nofp\libc_nano.a(lib_a-memset.o)
                0x000000000800a46e                memset
 *fill*         0x000000000800a47e        0x2 
 .text.sprintf  0x000000000800a480       0x40 c:/st/stm32cubeide_1.10.1/stm32cubeide/plugins/com.st.stm32cube.ide.mcu.externaltools.gnu-tools-for-stm32.10.3-2021.10.win32_1.0.0.202111181127/tools/bin/../lib/gcc/arm-none-eabi/10.3.1/../../../../arm-none-eabi/lib/thumb/v6-m/nofp\libc_nano.a(lib_a-sprintf.o)
                0x000000000800a480                siprintf
                0x000000000800a480                sprintf
 .text.__ssputs_r
                0x000000000800a4c0       0xc4 c:/st/stm32cubeide_1.10.1/stm32cubeide/plugins/com.st.stm32cube.ide.mcu.externaltools.gnu-tools-for-stm32.10.3-2021.10.win32_1.0.0.202111181127/tools/bin/../lib/gcc/arm-none-eabi/10.3.1/../../../../arm-none-eabi/lib/thumb/v6-m/nofp\libc_nano.a(lib_a-nano-svfprintf.o)
                0x000000000800a4c0                __ssputs_r
 .text._svfprintf_r
                0x000000000800a584      0x200 c:/st/stm32cubeide_1.10.1/stm32cubeide/plugins/com.st.stm32cube.ide.mcu.externaltools.gnu-tools-for-stm32.10.3-2021.10.win32_1.0.0.202111181127/tools/bin/../lib/gcc/arm-none-eabi/10.3.1/../../../../arm-none-eabi/lib/thumb/v6-m/nofp\libc_nano.a(lib_a-nano-svfprintf.o)
                0x000000000800a584                _svfiprintf_r
                0x000000000800a584                _svfprintf_r
 .text._printf_common
                0x000000000800a784       0xde c:/st/stm32cubeide_1.10.1/stm32cubeide/plugins/com.st.stm32cube.ide.mcu.externaltools.gnu-tools-for-stm32.10.3-2021.10.win32_1.0.0.202111181127/tools/bin/../lib/gcc/arm-none-eabi/10.3.1/../../../../arm-none-eabi/lib/thumb/v6-m/nofp\libc_nano.a(lib_a-nano-vfprintf_i.o)
                0x000000000800a784                _printf_common
 *fill*         0x000000000800a862        0x2 
 .text._printf_i
                0x000000000800a864      0x224 c:/st/stm32cubeide_1.10.1/stm32cubeide/plugins/com.st.stm32cube.ide.mcu.externaltools.gnu-tools-for-stm32.10.3-2021.10.win32_1.0.0.202111181127/tools/bin/../lib/gcc/arm-none-eabi/10.3.1/../../../../arm-none-eabi/lib/thumb/v6-m/nofp\libc_nano.a(lib_a-nano-vfprintf_i.o)
                0x000000000800a864                _printf_i
 .text.memchr   0x000000000800aa88       0x16 c:/st/stm32cubeide_1.10.1/stm32cubeide/plugins/com.st.stm32cube.ide.mcu.externaltools.gnu-tools-for-stm32.10.3-2021.10.win32_1.0.0.202111181127/tools/bin/../lib/gcc/arm-none-eabi/10.3.1/../../../../arm-none-eabi/lib/thumb/v6-m/nofp\libc_nano.a(lib_a-memchr-stub.o)
                0x000000000800aa88                memchr
 .text.memmove  0x000000000800aa9e       0x26 c:/st/stm32cubeide_1.10.1/stm32cubeide/plugins/com.st.stm32cube.ide.mcu.externaltools.gnu-tools-for-stm32.10.3-2021.10.win32_1.0.0.202111181127/tools/bin/../lib/gcc/arm-none-eabi/10.3.1/../../../../arm-none-eabi/lib/thumb/v6-m/nofp\libc_nano.a(lib_a-memmove.o)
                0x000000000800aa9e                memmove
 .text._free_r  0x000000000800aac4       0x94 c:/st/stm32cubeide_1.10.1/stm32cubeide/plugins/com.st.stm32cube.ide.mcu.externaltools.gnu-tools-for-stm32.10.3-2021.10.win32_1.0.0.202111181127/tools/bin/../lib/gcc/arm-none-eabi/10.3.1/../../../../arm-none-eabi/lib/thumb/v6-m/nofp\libc_nano.a(lib_a-nano-freer.o)
                0x000000000800aac4                _free_r
 .text.sbrk_aligned
                0x000000000800ab58       0x44 c:/st/stm32cubeide_1.10.1/stm32cubeide/plugins/com.st.stm32cube.ide.mcu.externaltools.gnu-tools-for-stm32.10.3-2021.10.win32_1.0.0.202111181127/tools/bin/../lib/gcc/arm-none-eabi/10.3.1/../../../../arm-none-eabi/lib/thumb/v6-m/nofp\libc_nano.a(lib_a-nano-mallocr.o)
 .text._malloc_r
                0x000000000800ab9c       0xec c:/st/stm32cubeide_1.10.1/stm32cubeide/plugins/com.st.stm32cube.ide.mcu.externaltools.gnu-tools-for-stm32.10.3-2021.10.win32_1.0.0.202111181127/tools/bin/../lib/gcc/arm-none-eabi/10.3.1/../../../../arm-none-eabi/lib/thumb/v6-m/nofp\libc_nano.a(lib_a-nano-mallocr.o)
                0x000000000800ab9c                _malloc_r
 .text._realloc_r
                0x000000000800ac88       0x5e c:/st/stm32cubeide_1.10.1/stm32cubeide/plugins/com.st.stm32cube.ide.mcu.externaltools.gnu-tools-for-stm32.10.3-2021.10.win32_1.0.0.202111181127/tools/bin/../lib/gcc/arm-none-eabi/10.3.1/../../../../arm-none-eabi/lib/thumb/v6-m/nofp\libc_nano.a(lib_a-nano-reallocr.o)
                0x000000000800ac88                _realloc_r
 *fill*         0x000000000800ace6        0x2 
 .text._sbrk_r  0x000000000800ace8       0x24 c:/st/stm32cubeide_1.10.1/stm32cubeide/plugins/com.st.stm32cube.ide.mcu.externaltools.gnu-tools-for-stm32.10.3-2021.10.win32_1.0.0.202111181127/tools/bin/../lib/gcc/arm-none-eabi/10.3.1/../../../../arm-none-eabi/lib/thumb/v6-m/nofp\libc_nano.a(lib_a-sbrkr.o)
                0x000000000800ace8                _sbrk_r
 .text.__malloc_lock
                0x000000000800ad0c       0x10 c:/st/stm32cubeide_1.10.1/stm32cubeide/plugins/com.st.stm32cube.ide.mcu.externaltools.gnu-tools-for-stm32.10.3-2021.10.win32_1.0.0.202111181127/tools/bin/../lib/gcc/arm-none-eabi/10.3.1/../../../../arm-none-eabi/lib/thumb/v6-m/nofp\libc_nano.a(lib_a-mlock.o)
                0x000000000800ad0c                __malloc_lock
 .text.__malloc_unlock
                0x000000000800ad1c       0x10 c:/st/stm32cubeide_1.10.1/stm32cubeide/plugins/com.st.stm32cube.ide.mcu.externaltools.gnu-tools-for-stm32.10.3-2021.10.win32_1.0.0.202111181127/tools/bin/../lib/gcc/arm-none-eabi/10.3.1/../../../../arm-none-eabi/lib/thumb/v6-m/nofp\libc_nano.a(lib_a-mlock.o)
                0x000000000800ad1c                __malloc_unlock
 .text._malloc_usable_size_r
                0x000000000800ad2c       0x10 c:/st/stm32cubeide_1.10.1/stm32cubeide/plugins/com.st.stm32cube.ide.mcu.externaltools.gnu-tools-for-stm32.10.3-2021.10.win32_1.0.0.202111181127/tools/bin/../lib/gcc/arm-none-eabi/10.3.1/../../../../arm-none-eabi/lib/thumb/v6-m/nofp\libc_nano.a(lib_a-nano-msizer.o)
                0x000000000800ad2c                _malloc_usable_size_r
 .text.__retarget_lock_acquire_recursive
                0x000000000800ad3c        0x2 c:/st/stm32cubeide_1.10.1/stm32cubeide/plugins/com.st.stm32cube.ide.mcu.externaltools.gnu-tools-for-stm32.10.3-2021.10.win32_1.0.0.202111181127/tools/bin/../lib/gcc/arm-none-eabi/10.3.1/../../../../arm-none-eabi/lib/thumb/v6-m/nofp\libc_nano.a(lib_a-lock.o)
                0x000000000800ad3c                __retarget_lock_acquire_recursive
 .text.__retarget_lock_release_recursive
                0x000000000800ad3e        0x2 c:/st/stm32cubeide_1.10.1/stm32cubeide/plugins/com.st.stm32cube.ide.mcu.externaltools.gnu-tools-for-stm32.10.3-2021.10.win32_1.0.0.202111181127/tools/bin/../lib/gcc/arm-none-eabi/10.3.1/../../../../arm-none-eabi/lib/thumb/v6-m/nofp\libc_nano.a(lib_a-lock.o)
                0x000000000800ad3e                __retarget_lock_release_recursive
 *(.glue_7)
 .glue_7        0x000000000800ad40        0x0 linker stubs
 *(.glue_7t)
 .glue_7t       0x000000000800ad40        0x0 linker stubs
 *(.eh_frame)
 .eh_frame      0x000000000800ad40        0x0 c:/st/stm32cubeide_1.10.1/stm32cubeide/plugins/com.st.stm32cube.ide.mcu.externaltools.gnu-tools-for-stm32.10.3-2021.10.win32_1.0.0.202111181127/tools/bin/../lib/gcc/arm-none-eabi/10.3.1/thumb/v6-m/nofp/crtbegin.o
 *(.init)
 .init          0x000000000800ad40        0x4 c:/st/stm32cubeide_1.10.1/stm32cubeide/plugins/com.st.stm32cube.ide.mcu.externaltools.gnu-tools-for-stm32.10.3-2021.10.win32_1.0.0.202111181127/tools/bin/../lib/gcc/arm-none-eabi/10.3.1/thumb/v6-m/nofp/crti.o
                0x000000000800ad40                _init
 .init          0x000000000800ad44        0x8 c:/st/stm32cubeide_1.10.1/stm32cubeide/plugins/com.st.stm32cube.ide.mcu.externaltools.gnu-tools-for-stm32.10.3-2021.10.win32_1.0.0.202111181127/tools/bin/../lib/gcc/arm-none-eabi/10.3.1/thumb/v6-m/nofp/crtn.o
 *(.fini)
 .fini          0x000000000800ad4c        0x4 c:/st/stm32cubeide_1.10.1/stm32cubeide/plugins/com.st.stm32cube.ide.mcu.externaltools.gnu-tools-for-stm32.10.3-2021.10.win32_1.0.0.202111181127/tools/bin/../lib/gcc/arm-none-eabi/10.3.1/thumb/v6-m/nofp/crti.o
                0x000000000800ad4c                _fini
 .fini          0x000000000800ad50        0x8 c:/st/stm32cubeide_1.10.1/stm32cubeide/plugins/com.st.stm32cube.ide.mcu.externaltools.gnu-tools-for-stm32.10.3-2021.10.win32_1.0.0.202111181127/tools/bin/../lib/gcc/arm-none-eabi/10.3.1/thumb/v6-m/nofp/crtn.o
                0x000000000800ad58                . = ALIGN (0x4)
                0x000000000800ad58                _etext = .

.vfp11_veneer   0x000000000800ad58        0x0
 .vfp11_veneer  0x000000000800ad58        0x0 linker stubs

.v4_bx          0x000000000800ad58        0x0
 .v4_bx         0x000000000800ad58        0x0 linker stubs

.iplt           0x000000000800ad58        0x0
 .iplt          0x000000000800ad58        0x0 c:/st/stm32cubeide_1.10.1/stm32cubeide/plugins/com.st.stm32cube.ide.mcu.externaltools.gnu-tools-for-stm32.10.3-2021.10.win32_1.0.0.202111181127/tools/bin/../lib/gcc/arm-none-eabi/10.3.1/thumb/v6-m/nofp/crtbegin.o

.rodata         0x000000000800ad58      0x1ec
                0x000000000800ad58                . = ALIGN (0x4)
 *(.rodata)
 .rodata        0x000000000800ad58       0x47 ./Core/Src/main.o
 *fill*         0x000000000800ad9f        0x1 
 .rodata        0x000000000800ada0       0x46 ./USB_DEVICE/App/usbd_desc.o
 *(.rodata*)
 *fill*         0x000000000800ade6        0x2 
 .rodata.AHBPrescTable
                0x000000000800ade8       0x10 ./Core/Src/system_stm32f0xx.o
                0x000000000800ade8                AHBPrescTable
 .rodata.APBPrescTable
                0x000000000800adf8        0x8 ./Core/Src/system_stm32f0xx.o
                0x000000000800adf8                APBPrescTable
 .rodata.aPLLMULFactorTable.1
                0x000000000800ae00       0x10 ./Drivers/STM32F0xx_HAL_Driver/stm32f0xx_hal_rcc.o
 .rodata.aPredivFactorTable.0
                0x000000000800ae10       0x10 ./Drivers/STM32F0xx_HAL_Driver/stm32f0xx_hal_rcc.o
 .rodata.USBD_StdDevReq
                0x000000000800ae20       0x28 ./Middlewares/USB_Device_Library/usbd_ctlreq.o
 .rodata.USBD_GetDescriptor
                0x000000000800ae48       0x38 ./Middlewares/USB_Device_Library/usbd_ctlreq.o
 .rodata.CDC_Control_FS
                0x000000000800ae80       0x90 ./USB_DEVICE/App/usbd_cdc_if.o
 .rodata._svfprintf_r.str1.1
                0x000000000800af10       0x11 c:/st/stm32cubeide_1.10.1/stm32cubeide/plugins/com.st.stm32cube.ide.mcu.externaltools.gnu-tools-for-stm32.10.3-2021.10.win32_1.0.0.202111181127/tools/bin/../lib/gcc/arm-none-eabi/10.3.1/../../../../arm-none-eabi/lib/thumb/v6-m/nofp\libc_nano.a(lib_a-nano-svfprintf.o)
 .rodata._printf_i.str1.1
                0x000000000800af21       0x22 c:/st/stm32cubeide_1.10.1/stm32cubeide/plugins/com.st.stm32cube.ide.mcu.externaltools.gnu-tools-for-stm32.10.3-2021.10.win32_1.0.0.202111181127/tools/bin/../lib/gcc/arm-none-eabi/10.3.1/../../../../arm-none-eabi/lib/thumb/v6-m/nofp\libc_nano.a(lib_a-nano-vfprintf_i.o)
                0x000000000800af44                . = ALIGN (0x4)
 *fill*         0x000000000800af43        0x1 

.rel.dyn        0x000000000800af44        0x0
 .rel.iplt      0x000000000800af44        0x0 c:/st/stm32cubeide_1.10.1/stm32cubeide/plugins/com.st.stm32cube.ide.mcu.externaltools.gnu-tools-for-stm32.10.3-2021.10.win32_1.0.0.202111181127/tools/bin/../lib/gcc/arm-none-eabi/10.3.1/thumb/v6-m/nofp/crtbegin.o

.ARM.extab      0x000000000800af44        0x0
                0x000000000800af44                . = ALIGN (0x4)
 *(.ARM.extab* .gnu.linkonce.armextab.*)
                0x000000000800af44                . = ALIGN (0x4)

.ARM            0x000000000800af44        0x0
                0x000000000800af44                . = ALIGN (0x4)
                0x000000000800af44                __exidx_start = .
 *(.ARM.exidx*)
                0x000000000800af44                __exidx_end = .
                0x000000000800af44                . = ALIGN (0x4)

.preinit_array  0x000000000800af44        0x0
                0x000000000800af44                . = ALIGN (0x4)
                0x000000000800af44                PROVIDE (__preinit_array_start = .)
 *(.preinit_array*)
                0x000000000800af44                PROVIDE (__preinit_array_end = .)
                0x000000000800af44                . = ALIGN (0x4)

.init_array     0x000000000800af44        0x4
                0x000000000800af44                . = ALIGN (0x4)
                0x000000000800af44                PROVIDE (__init_array_start = .)
 *(SORT_BY_NAME(.init_array.*))
 *(.init_array*)
 .init_array    0x000000000800af44        0x4 c:/st/stm32cubeide_1.10.1/stm32cubeide/plugins/com.st.stm32cube.ide.mcu.externaltools.gnu-tools-for-stm32.10.3-2021.10.win32_1.0.0.202111181127/tools/bin/../lib/gcc/arm-none-eabi/10.3.1/thumb/v6-m/nofp/crtbegin.o
                0x000000000800af48                PROVIDE (__init_array_end = .)
                0x000000000800af48                . = ALIGN (0x4)

.fini_array     0x000000000800af48        0x4
                0x000000000800af48                . = ALIGN (0x4)
                [!provide]                        PROVIDE (__fini_array_start = .)
 *(SORT_BY_NAME(.fini_array.*))
 *(.fini_array*)
 .fini_array    0x000000000800af48        0x4 c:/st/stm32cubeide_1.10.1/stm32cubeide/plugins/com.st.stm32cube.ide.mcu.externaltools.gnu-tools-for-stm32.10.3-2021.10.win32_1.0.0.202111181127/tools/bin/../lib/gcc/arm-none-eabi/10.3.1/thumb/v6-m/nofp/crtbegin.o
                [!provide]                        PROVIDE (__fini_array_end = .)
                0x000000000800af4c                . = ALIGN (0x4)
                0x000000000800af4c                _sidata = LOADADDR (.data)

.data           0x0000000020000000      0x1e0 load address 0x000000000800af4c
                0x0000000020000000                . = ALIGN (0x4)
                0x0000000020000000                _sdata = .
 *(.data)
 *(.data*)
 .data.SystemCoreClock
                0x0000000020000000        0x4 ./Core/Src/system_stm32f0xx.o
                0x0000000020000000                SystemCoreClock
 .data.uwTickPrio
                0x0000000020000004        0x4 ./Drivers/STM32F0xx_HAL_Driver/stm32f0xx_hal.o
                0x0000000020000004                uwTickPrio
 .data.uwTickFreq
                0x0000000020000008        0x1 ./Drivers/STM32F0xx_HAL_Driver/stm32f0xx_hal.o
                0x0000000020000008                uwTickFreq
 *fill*         0x0000000020000009        0x3 
 .data.USBD_CDC_DeviceQualifierDesc
                0x000000002000000c        0xa ./Middlewares/USB_Device_Library/usbd_cdc.o
 *fill*         0x0000000020000016        0x2 
 .data.USBD_CDC
                0x0000000020000018       0x38 ./Middlewares/USB_Device_Library/usbd_cdc.o
                0x0000000020000018                USBD_CDC
 .data.USBD_CDC_CfgHSDesc
                0x0000000020000050       0x43 ./Middlewares/USB_Device_Library/usbd_cdc.o
                0x0000000020000050                USBD_CDC_CfgHSDesc
 *fill*         0x0000000020000093        0x1 
 .data.USBD_CDC_CfgFSDesc
                0x0000000020000094       0x43 ./Middlewares/USB_Device_Library/usbd_cdc.o
                0x0000000020000094                USBD_CDC_CfgFSDesc
 *fill*         0x00000000200000d7        0x1 
 .data.USBD_CDC_OtherSpeedCfgDesc
                0x00000000200000d8       0x43 ./Middlewares/USB_Device_Library/usbd_cdc.o
                0x00000000200000d8                USBD_CDC_OtherSpeedCfgDesc
 *fill*         0x000000002000011b        0x1 
 .data.USBD_Interface_fops_FS
                0x000000002000011c       0x10 ./USB_DEVICE/App/usbd_cdc_if.o
                0x000000002000011c                USBD_Interface_fops_FS
 .data.FS_Desc  0x000000002000012c       0x1c ./USB_DEVICE/App/usbd_desc.o
                0x000000002000012c                FS_Desc
 .data.USBD_FS_DeviceDesc
                0x0000000020000148       0x12 ./USB_DEVICE/App/usbd_desc.o
                0x0000000020000148                USBD_FS_DeviceDesc
 *fill*         0x000000002000015a        0x2 
 .data.USBD_LangIDDesc
                0x000000002000015c        0x4 ./USB_DEVICE/App/usbd_desc.o
                0x000000002000015c                USBD_LangIDDesc
 .data.USBD_StringSerial
                0x0000000020000160       0x1a ./USB_DEVICE/App/usbd_desc.o
                0x0000000020000160                USBD_StringSerial
 *fill*         0x000000002000017a        0x2 
 .data._impure_ptr
                0x000000002000017c        0x4 c:/st/stm32cubeide_1.10.1/stm32cubeide/plugins/com.st.stm32cube.ide.mcu.externaltools.gnu-tools-for-stm32.10.3-2021.10.win32_1.0.0.202111181127/tools/bin/../lib/gcc/arm-none-eabi/10.3.1/../../../../arm-none-eabi/lib/thumb/v6-m/nofp\libc_nano.a(lib_a-impure.o)
                0x000000002000017c                _impure_ptr
 .data.impure_data
                0x0000000020000180       0x60 c:/st/stm32cubeide_1.10.1/stm32cubeide/plugins/com.st.stm32cube.ide.mcu.externaltools.gnu-tools-for-stm32.10.3-2021.10.win32_1.0.0.202111181127/tools/bin/../lib/gcc/arm-none-eabi/10.3.1/../../../../arm-none-eabi/lib/thumb/v6-m/nofp\libc_nano.a(lib_a-impure.o)
 *(.RamFunc)
 *(.RamFunc*)
                0x00000000200001e0                . = ALIGN (0x4)
                0x00000000200001e0                _edata = .

.igot.plt       0x00000000200001e0        0x0 load address 0x000000000800b12c
 .igot.plt      0x00000000200001e0        0x0 c:/st/stm32cubeide_1.10.1/stm32cubeide/plugins/com.st.stm32cube.ide.mcu.externaltools.gnu-tools-for-stm32.10.3-2021.10.win32_1.0.0.202111181127/tools/bin/../lib/gcc/arm-none-eabi/10.3.1/thumb/v6-m/nofp/crtbegin.o
                0x00000000200001e0                . = ALIGN (0x4)

.bss            0x00000000200001e0      0xed8 load address 0x000000000800b12c
                0x00000000200001e0                _sbss = .
                0x00000000200001e0                __bss_start__ = _sbss
 *(.bss)
 .bss           0x00000000200001e0       0x1c c:/st/stm32cubeide_1.10.1/stm32cubeide/plugins/com.st.stm32cube.ide.mcu.externaltools.gnu-tools-for-stm32.10.3-2021.10.win32_1.0.0.202111181127/tools/bin/../lib/gcc/arm-none-eabi/10.3.1/thumb/v6-m/nofp/crtbegin.o
 *(.bss*)
 .bss.htim3     0x00000000200001fc       0x48 ./Core/Src/main.o
                0x00000000200001fc                htim3
 .bss.huart1    0x0000000020000244       0x88 ./Core/Src/main.o
                0x0000000020000244                huart1
 .bss.hdma_usart1_rx
                0x00000000200002cc       0x44 ./Core/Src/main.o
                0x00000000200002cc                hdma_usart1_rx
 .bss.hdma_usart1_tx
                0x0000000020000310       0x44 ./Core/Src/main.o
                0x0000000020000310                hdma_usart1_tx
 .bss.packets   0x0000000020000354      0x3fc ./Core/Src/main.o
                0x0000000020000354                packets
 .bss.flag      0x0000000020000750        0x1 ./Core/Src/main.o
                0x0000000020000750                flag
 .bss.received  0x0000000020000751        0x1 ./Core/Src/main.o
                0x0000000020000751                received
 *fill*         0x0000000020000752        0x2 
 .bss.p_recv_init
                0x0000000020000754        0x4 ./Core/Src/main.o
                0x0000000020000754                p_recv_init
 .bss.p_intl_state
                0x0000000020000758        0x4 ./Core/Src/main.o
                0x0000000020000758                p_intl_state
 .bss.__sbrk_heap_end
                0x000000002000075c        0x4 ./Core/Src/sysmem.o
 .bss.uwTick    0x0000000020000760        0x4 ./Drivers/STM32F0xx_HAL_Driver/stm32f0xx_hal.o
                0x0000000020000760                uwTick
 .bss.cfgidx.0  0x0000000020000764        0x1 ./Middlewares/USB_Device_Library/usbd_ctlreq.o
 *fill*         0x0000000020000765        0x3 
 .bss.hUsbDeviceFS
                0x0000000020000768      0x2c4 ./USB_DEVICE/App/usb_device.o
                0x0000000020000768                hUsbDeviceFS
 .bss.UserRxBufferFS
                0x0000000020000a2c       0x80 ./USB_DEVICE/App/usbd_cdc_if.o
                0x0000000020000a2c                UserRxBufferFS
 .bss.UserTxBufferFS
                0x0000000020000aac       0x80 ./USB_DEVICE/App/usbd_cdc_if.o
                0x0000000020000aac                UserTxBufferFS
 .bss.USBD_StrDesc
                0x0000000020000b2c       0x80 ./USB_DEVICE/App/usbd_desc.o
                0x0000000020000b2c                USBD_StrDesc
 .bss.hpcd_USB_FS
                0x0000000020000bac      0x2dc ./USB_DEVICE/Target/usbd_conf.o
                0x0000000020000bac                hpcd_USB_FS
 .bss.mem.0     0x0000000020000e88      0x220 ./USB_DEVICE/Target/usbd_conf.o
 .bss.__malloc_free_list
                0x00000000200010a8        0x4 c:/st/stm32cubeide_1.10.1/stm32cubeide/plugins/com.st.stm32cube.ide.mcu.externaltools.gnu-tools-for-stm32.10.3-2021.10.win32_1.0.0.202111181127/tools/bin/../lib/gcc/arm-none-eabi/10.3.1/../../../../arm-none-eabi/lib/thumb/v6-m/nofp\libc_nano.a(lib_a-nano-mallocr.o)
                0x00000000200010a8                __malloc_free_list
 .bss.__malloc_sbrk_start
                0x00000000200010ac        0x4 c:/st/stm32cubeide_1.10.1/stm32cubeide/plugins/com.st.stm32cube.ide.mcu.externaltools.gnu-tools-for-stm32.10.3-2021.10.win32_1.0.0.202111181127/tools/bin/../lib/gcc/arm-none-eabi/10.3.1/../../../../arm-none-eabi/lib/thumb/v6-m/nofp\libc_nano.a(lib_a-nano-mallocr.o)
                0x00000000200010ac                __malloc_sbrk_start
 .bss.errno     0x00000000200010b0        0x4 c:/st/stm32cubeide_1.10.1/stm32cubeide/plugins/com.st.stm32cube.ide.mcu.externaltools.gnu-tools-for-stm32.10.3-2021.10.win32_1.0.0.202111181127/tools/bin/../lib/gcc/arm-none-eabi/10.3.1/../../../../arm-none-eabi/lib/thumb/v6-m/nofp\libc_nano.a(lib_a-reent.o)
                0x00000000200010b0                errno
 .bss.__lock___malloc_recursive_mutex
                0x00000000200010b4        0x1 c:/st/stm32cubeide_1.10.1/stm32cubeide/plugins/com.st.stm32cube.ide.mcu.externaltools.gnu-tools-for-stm32.10.3-2021.10.win32_1.0.0.202111181127/tools/bin/../lib/gcc/arm-none-eabi/10.3.1/../../../../arm-none-eabi/lib/thumb/v6-m/nofp\libc_nano.a(lib_a-lock.o)
                0x00000000200010b4                __lock___malloc_recursive_mutex
 *(COMMON)
                0x00000000200010b8                . = ALIGN (0x4)
 *fill*         0x00000000200010b5        0x3 
                0x00000000200010b8                _ebss = .
                0x00000000200010b8                __bss_end__ = _ebss

._user_heap_stack
                0x00000000200010b8      0x600 load address 0x000000000800b12c
                0x00000000200010b8                . = ALIGN (0x8)
                [!provide]                        PROVIDE (end = .)
                0x00000000200010b8                PROVIDE (_end = .)
                0x00000000200012b8                . = (. + _Min_Heap_Size)
 *fill*         0x00000000200010b8      0x200 
                0x00000000200016b8                . = (. + _Min_Stack_Size)
 *fill*         0x00000000200012b8      0x400 
                0x00000000200016b8                . = ALIGN (0x8)

/DISCARD/
 libc.a(*)
 libm.a(*)
 libgcc.a(*)

.ARM.attributes
                0x0000000000000000       0x28
 *(.ARM.attributes)
 .ARM.attributes
                0x0000000000000000       0x1e c:/st/stm32cubeide_1.10.1/stm32cubeide/plugins/com.st.stm32cube.ide.mcu.externaltools.gnu-tools-for-stm32.10.3-2021.10.win32_1.0.0.202111181127/tools/bin/../lib/gcc/arm-none-eabi/10.3.1/thumb/v6-m/nofp/crti.o
 .ARM.attributes
                0x000000000000001e       0x2c c:/st/stm32cubeide_1.10.1/stm32cubeide/plugins/com.st.stm32cube.ide.mcu.externaltools.gnu-tools-for-stm32.10.3-2021.10.win32_1.0.0.202111181127/tools/bin/../lib/gcc/arm-none-eabi/10.3.1/thumb/v6-m/nofp/crtbegin.o
 .ARM.attributes
                0x000000000000004a       0x2c ./Core/Src/main.o
 .ARM.attributes
                0x0000000000000076       0x2c ./Core/Src/stm32f0xx_hal_msp.o
 .ARM.attributes
                0x00000000000000a2       0x2c ./Core/Src/stm32f0xx_it.o
 .ARM.attributes
                0x00000000000000ce       0x2c ./Core/Src/sysmem.o
 .ARM.attributes
                0x00000000000000fa       0x2c ./Core/Src/system_stm32f0xx.o
 .ARM.attributes
                0x0000000000000126       0x2c ./Core/Src/uart_common.o
 .ARM.attributes
                0x0000000000000152       0x2c ./Core/Src/uart_receive.o
 .ARM.attributes
                0x000000000000017e       0x21 ./Core/Startup/startup_stm32f042k6tx.o
 .ARM.attributes
                0x000000000000019f       0x2c ./Drivers/STM32F0xx_HAL_Driver/stm32f0xx_hal.o
 .ARM.attributes
                0x00000000000001cb       0x2c ./Drivers/STM32F0xx_HAL_Driver/stm32f0xx_hal_cortex.o
 .ARM.attributes
                0x00000000000001f7       0x2c ./Drivers/STM32F0xx_HAL_Driver/stm32f0xx_hal_dma.o
 .ARM.attributes
                0x0000000000000223       0x2c ./Drivers/STM32F0xx_HAL_Driver/stm32f0xx_hal_gpio.o
 .ARM.attributes
                0x000000000000024f       0x2c ./Drivers/STM32F0xx_HAL_Driver/stm32f0xx_hal_pcd.o
 .ARM.attributes
                0x000000000000027b       0x2c ./Drivers/STM32F0xx_HAL_Driver/stm32f0xx_hal_pcd_ex.o
 .ARM.attributes
                0x00000000000002a7       0x2c ./Drivers/STM32F0xx_HAL_Driver/stm32f0xx_hal_rcc.o
 .ARM.attributes
                0x00000000000002d3       0x2c ./Drivers/STM32F0xx_HAL_Driver/stm32f0xx_hal_rcc_ex.o
 .ARM.attributes
                0x00000000000002ff       0x2c ./Drivers/STM32F0xx_HAL_Driver/stm32f0xx_hal_tim.o
 .ARM.attributes
                0x000000000000032b       0x2c ./Drivers/STM32F0xx_HAL_Driver/stm32f0xx_hal_tim_ex.o
 .ARM.attributes
                0x0000000000000357       0x2c ./Drivers/STM32F0xx_HAL_Driver/stm32f0xx_hal_uart.o
 .ARM.attributes
                0x0000000000000383       0x2c ./Drivers/STM32F0xx_HAL_Driver/stm32f0xx_hal_uart_ex.o
 .ARM.attributes
                0x00000000000003af       0x2c ./Drivers/STM32F0xx_HAL_Driver/stm32f0xx_ll_usb.o
 .ARM.attributes
                0x00000000000003db       0x2c ./Middlewares/USB_Device_Library/usbd_cdc.o
 .ARM.attributes
                0x0000000000000407       0x2c ./Middlewares/USB_Device_Library/usbd_core.o
 .ARM.attributes
                0x0000000000000433       0x2c ./Middlewares/USB_Device_Library/usbd_ctlreq.o
 .ARM.attributes
                0x000000000000045f       0x2c ./Middlewares/USB_Device_Library/usbd_ioreq.o
 .ARM.attributes
                0x000000000000048b       0x2c ./USB_DEVICE/App/usb_device.o
 .ARM.attributes
                0x00000000000004b7       0x2c ./USB_DEVICE/App/usbd_cdc_if.o
 .ARM.attributes
                0x00000000000004e3       0x2c ./USB_DEVICE/App/usbd_desc.o
 .ARM.attributes
                0x000000000000050f       0x2c ./USB_DEVICE/Target/usbd_conf.o
 .ARM.attributes
                0x000000000000053b       0x2c c:/st/stm32cubeide_1.10.1/stm32cubeide/plugins/com.st.stm32cube.ide.mcu.externaltools.gnu-tools-for-stm32.10.3-2021.10.win32_1.0.0.202111181127/tools/bin/../lib/gcc/arm-none-eabi/10.3.1/../../../../arm-none-eabi/lib/thumb/v6-m/nofp\libc_nano.a(lib_a-errno.o)
 .ARM.attributes
                0x0000000000000567       0x2c c:/st/stm32cubeide_1.10.1/stm32cubeide/plugins/com.st.stm32cube.ide.mcu.externaltools.gnu-tools-for-stm32.10.3-2021.10.win32_1.0.0.202111181127/tools/bin/../lib/gcc/arm-none-eabi/10.3.1/../../../../arm-none-eabi/lib/thumb/v6-m/nofp\libc_nano.a(lib_a-impure.o)
 .ARM.attributes
                0x0000000000000593       0x2c c:/st/stm32cubeide_1.10.1/stm32cubeide/plugins/com.st.stm32cube.ide.mcu.externaltools.gnu-tools-for-stm32.10.3-2021.10.win32_1.0.0.202111181127/tools/bin/../lib/gcc/arm-none-eabi/10.3.1/../../../../arm-none-eabi/lib/thumb/v6-m/nofp\libc_nano.a(lib_a-init.o)
 .ARM.attributes
                0x00000000000005bf       0x2c c:/st/stm32cubeide_1.10.1/stm32cubeide/plugins/com.st.stm32cube.ide.mcu.externaltools.gnu-tools-for-stm32.10.3-2021.10.win32_1.0.0.202111181127/tools/bin/../lib/gcc/arm-none-eabi/10.3.1/../../../../arm-none-eabi/lib/thumb/v6-m/nofp\libc_nano.a(lib_a-memcpy-stub.o)
 .ARM.attributes
                0x00000000000005eb       0x2c c:/st/stm32cubeide_1.10.1/stm32cubeide/plugins/com.st.stm32cube.ide.mcu.externaltools.gnu-tools-for-stm32.10.3-2021.10.win32_1.0.0.202111181127/tools/bin/../lib/gcc/arm-none-eabi/10.3.1/../../../../arm-none-eabi/lib/thumb/v6-m/nofp\libc_nano.a(lib_a-memset.o)
 .ARM.attributes
                0x0000000000000617       0x2c c:/st/stm32cubeide_1.10.1/stm32cubeide/plugins/com.st.stm32cube.ide.mcu.externaltools.gnu-tools-for-stm32.10.3-2021.10.win32_1.0.0.202111181127/tools/bin/../lib/gcc/arm-none-eabi/10.3.1/../../../../arm-none-eabi/lib/thumb/v6-m/nofp\libc_nano.a(lib_a-sprintf.o)
 .ARM.attributes
                0x0000000000000643       0x1c c:/st/stm32cubeide_1.10.1/stm32cubeide/plugins/com.st.stm32cube.ide.mcu.externaltools.gnu-tools-for-stm32.10.3-2021.10.win32_1.0.0.202111181127/tools/bin/../lib/gcc/arm-none-eabi/10.3.1/../../../../arm-none-eabi/lib/thumb/v6-m/nofp\libc_nano.a(lib_a-strlen.o)
 .ARM.attributes
                0x000000000000065f       0x2c c:/st/stm32cubeide_1.10.1/stm32cubeide/plugins/com.st.stm32cube.ide.mcu.externaltools.gnu-tools-for-stm32.10.3-2021.10.win32_1.0.0.202111181127/tools/bin/../lib/gcc/arm-none-eabi/10.3.1/../../../../arm-none-eabi/lib/thumb/v6-m/nofp\libc_nano.a(lib_a-nano-svfprintf.o)
 .ARM.attributes
                0x000000000000068b       0x2c c:/st/stm32cubeide_1.10.1/stm32cubeide/plugins/com.st.stm32cube.ide.mcu.externaltools.gnu-tools-for-stm32.10.3-2021.10.win32_1.0.0.202111181127/tools/bin/../lib/gcc/arm-none-eabi/10.3.1/../../../../arm-none-eabi/lib/thumb/v6-m/nofp\libc_nano.a(lib_a-nano-vfprintf_i.o)
 .ARM.attributes
                0x00000000000006b7       0x2c c:/st/stm32cubeide_1.10.1/stm32cubeide/plugins/com.st.stm32cube.ide.mcu.externaltools.gnu-tools-for-stm32.10.3-2021.10.win32_1.0.0.202111181127/tools/bin/../lib/gcc/arm-none-eabi/10.3.1/../../../../arm-none-eabi/lib/thumb/v6-m/nofp\libc_nano.a(lib_a-memchr-stub.o)
 .ARM.attributes
                0x00000000000006e3       0x2c c:/st/stm32cubeide_1.10.1/stm32cubeide/plugins/com.st.stm32cube.ide.mcu.externaltools.gnu-tools-for-stm32.10.3-2021.10.win32_1.0.0.202111181127/tools/bin/../lib/gcc/arm-none-eabi/10.3.1/../../../../arm-none-eabi/lib/thumb/v6-m/nofp\libc_nano.a(lib_a-memmove.o)
 .ARM.attributes
                0x000000000000070f       0x2c c:/st/stm32cubeide_1.10.1/stm32cubeide/plugins/com.st.stm32cube.ide.mcu.externaltools.gnu-tools-for-stm32.10.3-2021.10.win32_1.0.0.202111181127/tools/bin/../lib/gcc/arm-none-eabi/10.3.1/../../../../arm-none-eabi/lib/thumb/v6-m/nofp\libc_nano.a(lib_a-nano-freer.o)
 .ARM.attributes
                0x000000000000073b       0x2c c:/st/stm32cubeide_1.10.1/stm32cubeide/plugins/com.st.stm32cube.ide.mcu.externaltools.gnu-tools-for-stm32.10.3-2021.10.win32_1.0.0.202111181127/tools/bin/../lib/gcc/arm-none-eabi/10.3.1/../../../../arm-none-eabi/lib/thumb/v6-m/nofp\libc_nano.a(lib_a-nano-mallocr.o)
 .ARM.attributes
                0x0000000000000767       0x2c c:/st/stm32cubeide_1.10.1/stm32cubeide/plugins/com.st.stm32cube.ide.mcu.externaltools.gnu-tools-for-stm32.10.3-2021.10.win32_1.0.0.202111181127/tools/bin/../lib/gcc/arm-none-eabi/10.3.1/../../../../arm-none-eabi/lib/thumb/v6-m/nofp\libc_nano.a(lib_a-nano-reallocr.o)
 .ARM.attributes
                0x0000000000000793       0x2c c:/st/stm32cubeide_1.10.1/stm32cubeide/plugins/com.st.stm32cube.ide.mcu.externaltools.gnu-tools-for-stm32.10.3-2021.10.win32_1.0.0.202111181127/tools/bin/../lib/gcc/arm-none-eabi/10.3.1/../../../../arm-none-eabi/lib/thumb/v6-m/nofp\libc_nano.a(lib_a-sbrkr.o)
 .ARM.attributes
                0x00000000000007bf       0x2c c:/st/stm32cubeide_1.10.1/stm32cubeide/plugins/com.st.stm32cube.ide.mcu.externaltools.gnu-tools-for-stm32.10.3-2021.10.win32_1.0.0.202111181127/tools/bin/../lib/gcc/arm-none-eabi/10.3.1/../../../../arm-none-eabi/lib/thumb/v6-m/nofp\libc_nano.a(lib_a-mlock.o)
 .ARM.attributes
                0x00000000000007eb       0x2c c:/st/stm32cubeide_1.10.1/stm32cubeide/plugins/com.st.stm32cube.ide.mcu.externaltools.gnu-tools-for-stm32.10.3-2021.10.win32_1.0.0.202111181127/tools/bin/../lib/gcc/arm-none-eabi/10.3.1/../../../../arm-none-eabi/lib/thumb/v6-m/nofp\libc_nano.a(lib_a-nano-msizer.o)
 .ARM.attributes
                0x0000000000000817       0x2c c:/st/stm32cubeide_1.10.1/stm32cubeide/plugins/com.st.stm32cube.ide.mcu.externaltools.gnu-tools-for-stm32.10.3-2021.10.win32_1.0.0.202111181127/tools/bin/../lib/gcc/arm-none-eabi/10.3.1/../../../../arm-none-eabi/lib/thumb/v6-m/nofp\libc_nano.a(lib_a-reent.o)
 .ARM.attributes
                0x0000000000000843       0x2c c:/st/stm32cubeide_1.10.1/stm32cubeide/plugins/com.st.stm32cube.ide.mcu.externaltools.gnu-tools-for-stm32.10.3-2021.10.win32_1.0.0.202111181127/tools/bin/../lib/gcc/arm-none-eabi/10.3.1/../../../../arm-none-eabi/lib/thumb/v6-m/nofp\libc_nano.a(lib_a-lock.o)
 .ARM.attributes
                0x000000000000086f       0x1e c:/st/stm32cubeide_1.10.1/stm32cubeide/plugins/com.st.stm32cube.ide.mcu.externaltools.gnu-tools-for-stm32.10.3-2021.10.win32_1.0.0.202111181127/tools/bin/../lib/gcc/arm-none-eabi/10.3.1/thumb/v6-m/nofp\libgcc.a(_thumb1_case_shi.o)
 .ARM.attributes
                0x000000000000088d       0x1e c:/st/stm32cubeide_1.10.1/stm32cubeide/plugins/com.st.stm32cube.ide.mcu.externaltools.gnu-tools-for-stm32.10.3-2021.10.win32_1.0.0.202111181127/tools/bin/../lib/gcc/arm-none-eabi/10.3.1/thumb/v6-m/nofp\libgcc.a(_udivsi3.o)
 .ARM.attributes
                0x00000000000008ab       0x1e c:/st/stm32cubeide_1.10.1/stm32cubeide/plugins/com.st.stm32cube.ide.mcu.externaltools.gnu-tools-for-stm32.10.3-2021.10.win32_1.0.0.202111181127/tools/bin/../lib/gcc/arm-none-eabi/10.3.1/thumb/v6-m/nofp\libgcc.a(_dvmd_tls.o)
 .ARM.attributes
                0x00000000000008c9       0x1e c:/st/stm32cubeide_1.10.1/stm32cubeide/plugins/com.st.stm32cube.ide.mcu.externaltools.gnu-tools-for-stm32.10.3-2021.10.win32_1.0.0.202111181127/tools/bin/../lib/gcc/arm-none-eabi/10.3.1/thumb/v6-m/nofp/crtn.o
OUTPUT(UART Receiver Final.elf elf32-littlearm)
LOAD linker stubs
LOAD c:/st/stm32cubeide_1.10.1/stm32cubeide/plugins/com.st.stm32cube.ide.mcu.externaltools.gnu-tools-for-stm32.10.3-2021.10.win32_1.0.0.202111181127/tools/bin/../lib/gcc/arm-none-eabi/10.3.1/../../../../arm-none-eabi/lib/thumb/v6-m/nofp\libc.a
LOAD c:/st/stm32cubeide_1.10.1/stm32cubeide/plugins/com.st.stm32cube.ide.mcu.externaltools.gnu-tools-for-stm32.10.3-2021.10.win32_1.0.0.202111181127/tools/bin/../lib/gcc/arm-none-eabi/10.3.1/../../../../arm-none-eabi/lib/thumb/v6-m/nofp\libm.a
LOAD c:/st/stm32cubeide_1.10.1/stm32cubeide/plugins/com.st.stm32cube.ide.mcu.externaltools.gnu-tools-for-stm32.10.3-2021.10.win32_1.0.0.202111181127/tools/bin/../lib/gcc/arm-none-eabi/10.3.1/thumb/v6-m/nofp\libgcc.a

.debug_info     0x0000000000000000    0x18141
 .debug_info    0x0000000000000000     0x15d2 ./Core/Src/main.o
 .debug_info    0x00000000000015d2      0xeb4 ./Core/Src/stm32f0xx_hal_msp.o
 .debug_info    0x0000000000002486      0xfaa ./Core/Src/stm32f0xx_it.o
 .debug_info    0x0000000000003430      0x171 ./Core/Src/sysmem.o
 .debug_info    0x00000000000035a1      0x269 ./Core/Src/system_stm32f0xx.o
 .debug_info    0x000000000000380a      0x117 ./Core/Src/uart_common.o
 .debug_info    0x0000000000003921      0x211 ./Core/Src/uart_receive.o
 .debug_info    0x0000000000003b32       0x22 ./Core/Startup/startup_stm32f042k6tx.o
 .debug_info    0x0000000000003b54      0x6d2 ./Drivers/STM32F0xx_HAL_Driver/stm32f0xx_hal.o
 .debug_info    0x0000000000004226      0x705 ./Drivers/STM32F0xx_HAL_Driver/stm32f0xx_hal_cortex.o
 .debug_info    0x000000000000492b      0x75c ./Drivers/STM32F0xx_HAL_Driver/stm32f0xx_hal_dma.o
 .debug_info    0x0000000000005087      0x628 ./Drivers/STM32F0xx_HAL_Driver/stm32f0xx_hal_gpio.o
 .debug_info    0x00000000000056af     0x175d ./Drivers/STM32F0xx_HAL_Driver/stm32f0xx_hal_pcd.o
 .debug_info    0x0000000000006e0c      0x882 ./Drivers/STM32F0xx_HAL_Driver/stm32f0xx_hal_pcd_ex.o
 .debug_info    0x000000000000768e      0x8b0 ./Drivers/STM32F0xx_HAL_Driver/stm32f0xx_hal_rcc.o
 .debug_info    0x0000000000007f3e      0x640 ./Drivers/STM32F0xx_HAL_Driver/stm32f0xx_hal_rcc_ex.o
 .debug_info    0x000000000000857e     0x2bcb ./Drivers/STM32F0xx_HAL_Driver/stm32f0xx_hal_tim.o
 .debug_info    0x000000000000b149     0x15c7 ./Drivers/STM32F0xx_HAL_Driver/stm32f0xx_hal_tim_ex.o
 .debug_info    0x000000000000c710     0x3d40 ./Drivers/STM32F0xx_HAL_Driver/stm32f0xx_hal_uart.o
 .debug_info    0x0000000000010450      0xd1c ./Drivers/STM32F0xx_HAL_Driver/stm32f0xx_hal_uart_ex.o
 .debug_info    0x000000000001116c     0x17a9 ./Drivers/STM32F0xx_HAL_Driver/stm32f0xx_ll_usb.o
 .debug_info    0x0000000000012915     0x1129 ./Middlewares/USB_Device_Library/usbd_cdc.o
 .debug_info    0x0000000000013a3e      0xb02 ./Middlewares/USB_Device_Library/usbd_core.o
 .debug_info    0x0000000000014540      0x9b6 ./Middlewares/USB_Device_Library/usbd_ctlreq.o
 .debug_info    0x0000000000014ef6      0x715 ./Middlewares/USB_Device_Library/usbd_ioreq.o
 .debug_info    0x000000000001560b      0x679 ./USB_DEVICE/App/usb_device.o
 .debug_info    0x0000000000015c84      0x827 ./USB_DEVICE/App/usbd_cdc_if.o
 .debug_info    0x00000000000164ab      0x483 ./USB_DEVICE/App/usbd_desc.o
 .debug_info    0x000000000001692e     0x1813 ./USB_DEVICE/Target/usbd_conf.o

.debug_abbrev   0x0000000000000000     0x3a4b
 .debug_abbrev  0x0000000000000000      0x32d ./Core/Src/main.o
 .debug_abbrev  0x000000000000032d      0x209 ./Core/Src/stm32f0xx_hal_msp.o
 .debug_abbrev  0x0000000000000536      0x1bc ./Core/Src/stm32f0xx_it.o
 .debug_abbrev  0x00000000000006f2       0xbb ./Core/Src/sysmem.o
 .debug_abbrev  0x00000000000007ad      0x116 ./Core/Src/system_stm32f0xx.o
 .debug_abbrev  0x00000000000008c3       0xa4 ./Core/Src/uart_common.o
 .debug_abbrev  0x0000000000000967      0x10b ./Core/Src/uart_receive.o
 .debug_abbrev  0x0000000000000a72       0x12 ./Core/Startup/startup_stm32f042k6tx.o
 .debug_abbrev  0x0000000000000a84      0x23f ./Drivers/STM32F0xx_HAL_Driver/stm32f0xx_hal.o
 .debug_abbrev  0x0000000000000cc3      0x283 ./Drivers/STM32F0xx_HAL_Driver/stm32f0xx_hal_cortex.o
 .debug_abbrev  0x0000000000000f46      0x218 ./Drivers/STM32F0xx_HAL_Driver/stm32f0xx_hal_dma.o
 .debug_abbrev  0x000000000000115e      0x1bb ./Drivers/STM32F0xx_HAL_Driver/stm32f0xx_hal_gpio.o
 .debug_abbrev  0x0000000000001319      0x2ab ./Drivers/STM32F0xx_HAL_Driver/stm32f0xx_hal_pcd.o
 .debug_abbrev  0x00000000000015c4      0x21d ./Drivers/STM32F0xx_HAL_Driver/stm32f0xx_hal_pcd_ex.o
 .debug_abbrev  0x00000000000017e1      0x283 ./Drivers/STM32F0xx_HAL_Driver/stm32f0xx_hal_rcc.o
 .debug_abbrev  0x0000000000001a64      0x1d0 ./Drivers/STM32F0xx_HAL_Driver/stm32f0xx_hal_rcc_ex.o
 .debug_abbrev  0x0000000000001c34      0x264 ./Drivers/STM32F0xx_HAL_Driver/stm32f0xx_hal_tim.o
 .debug_abbrev  0x0000000000001e98      0x26c ./Drivers/STM32F0xx_HAL_Driver/stm32f0xx_hal_tim_ex.o
 .debug_abbrev  0x0000000000002104      0x2ba ./Drivers/STM32F0xx_HAL_Driver/stm32f0xx_hal_uart.o
 .debug_abbrev  0x00000000000023be      0x298 ./Drivers/STM32F0xx_HAL_Driver/stm32f0xx_hal_uart_ex.o
 .debug_abbrev  0x0000000000002656      0x236 ./Drivers/STM32F0xx_HAL_Driver/stm32f0xx_ll_usb.o
 .debug_abbrev  0x000000000000288c      0x2c0 ./Middlewares/USB_Device_Library/usbd_cdc.o
 .debug_abbrev  0x0000000000002b4c      0x236 ./Middlewares/USB_Device_Library/usbd_core.o
 .debug_abbrev  0x0000000000002d82      0x257 ./Middlewares/USB_Device_Library/usbd_ctlreq.o
 .debug_abbrev  0x0000000000002fd9      0x183 ./Middlewares/USB_Device_Library/usbd_ioreq.o
 .debug_abbrev  0x000000000000315c      0x183 ./USB_DEVICE/App/usb_device.o
 .debug_abbrev  0x00000000000032df      0x249 ./USB_DEVICE/App/usbd_cdc_if.o
 .debug_abbrev  0x0000000000003528      0x1f1 ./USB_DEVICE/App/usbd_desc.o
 .debug_abbrev  0x0000000000003719      0x332 ./USB_DEVICE/Target/usbd_conf.o

.debug_aranges  0x0000000000000000     0x1340
 .debug_aranges
                0x0000000000000000       0x68 ./Core/Src/main.o
 .debug_aranges
                0x0000000000000068       0x40 ./Core/Src/stm32f0xx_hal_msp.o
 .debug_aranges
                0x00000000000000a8       0x60 ./Core/Src/stm32f0xx_it.o
 .debug_aranges
                0x0000000000000108       0x20 ./Core/Src/sysmem.o
 .debug_aranges
                0x0000000000000128       0x28 ./Core/Src/system_stm32f0xx.o
 .debug_aranges
                0x0000000000000150       0x20 ./Core/Src/uart_common.o
 .debug_aranges
                0x0000000000000170       0x20 ./Core/Src/uart_receive.o
 .debug_aranges
                0x0000000000000190       0x28 ./Core/Startup/startup_stm32f042k6tx.o
 .debug_aranges
                0x00000000000001b8       0xd0 ./Drivers/STM32F0xx_HAL_Driver/stm32f0xx_hal.o
 .debug_aranges
                0x0000000000000288       0xc0 ./Drivers/STM32F0xx_HAL_Driver/stm32f0xx_hal_cortex.o
 .debug_aranges
                0x0000000000000348       0x88 ./Drivers/STM32F0xx_HAL_Driver/stm32f0xx_hal_dma.o
 .debug_aranges
                0x00000000000003d0       0x58 ./Drivers/STM32F0xx_HAL_Driver/stm32f0xx_hal_gpio.o
 .debug_aranges
                0x0000000000000428      0x138 ./Drivers/STM32F0xx_HAL_Driver/stm32f0xx_hal_pcd.o
 .debug_aranges
                0x0000000000000560       0x58 ./Drivers/STM32F0xx_HAL_Driver/stm32f0xx_hal_pcd_ex.o
 .debug_aranges
                0x00000000000005b8       0x80 ./Drivers/STM32F0xx_HAL_Driver/stm32f0xx_hal_rcc.o
 .debug_aranges
                0x0000000000000638       0x78 ./Drivers/STM32F0xx_HAL_Driver/stm32f0xx_hal_rcc_ex.o
 .debug_aranges
                0x00000000000006b0      0x3d0 ./Drivers/STM32F0xx_HAL_Driver/stm32f0xx_hal_tim.o
 .debug_aranges
                0x0000000000000a80      0x168 ./Drivers/STM32F0xx_HAL_Driver/stm32f0xx_hal_tim_ex.o
 .debug_aranges
                0x0000000000000be8      0x228 ./Drivers/STM32F0xx_HAL_Driver/stm32f0xx_hal_uart.o
 .debug_aranges
                0x0000000000000e10       0x70 ./Drivers/STM32F0xx_HAL_Driver/stm32f0xx_hal_uart_ex.o
 .debug_aranges
                0x0000000000000e80       0xc8 ./Drivers/STM32F0xx_HAL_Driver/stm32f0xx_ll_usb.o
 .debug_aranges
                0x0000000000000f48       0x90 ./Middlewares/USB_Device_Library/usbd_cdc.o
 .debug_aranges
                0x0000000000000fd8       0xb8 ./Middlewares/USB_Device_Library/usbd_core.o
 .debug_aranges
                0x0000000000001090       0x88 ./Middlewares/USB_Device_Library/usbd_ctlreq.o
 .debug_aranges
                0x0000000000001118       0x50 ./Middlewares/USB_Device_Library/usbd_ioreq.o
 .debug_aranges
                0x0000000000001168       0x20 ./USB_DEVICE/App/usb_device.o
 .debug_aranges
                0x0000000000001188       0x40 ./USB_DEVICE/App/usbd_cdc_if.o
 .debug_aranges
                0x00000000000011c8       0x60 ./USB_DEVICE/App/usbd_desc.o
 .debug_aranges
                0x0000000000001228      0x118 ./USB_DEVICE/Target/usbd_conf.o

.debug_ranges   0x0000000000000000     0x11c0
 .debug_ranges  0x0000000000000000       0x70 ./Core/Src/main.o
 .debug_ranges  0x0000000000000070       0x30 ./Core/Src/stm32f0xx_hal_msp.o
 .debug_ranges  0x00000000000000a0       0x50 ./Core/Src/stm32f0xx_it.o
 .debug_ranges  0x00000000000000f0       0x10 ./Core/Src/sysmem.o
 .debug_ranges  0x0000000000000100       0x18 ./Core/Src/system_stm32f0xx.o
 .debug_ranges  0x0000000000000118       0x10 ./Core/Src/uart_common.o
 .debug_ranges  0x0000000000000128       0x10 ./Core/Src/uart_receive.o
 .debug_ranges  0x0000000000000138       0x20 ./Core/Startup/startup_stm32f042k6tx.o
 .debug_ranges  0x0000000000000158       0xc0 ./Drivers/STM32F0xx_HAL_Driver/stm32f0xx_hal.o
 .debug_ranges  0x0000000000000218       0xb0 ./Drivers/STM32F0xx_HAL_Driver/stm32f0xx_hal_cortex.o
 .debug_ranges  0x00000000000002c8       0x78 ./Drivers/STM32F0xx_HAL_Driver/stm32f0xx_hal_dma.o
 .debug_ranges  0x0000000000000340       0x48 ./Drivers/STM32F0xx_HAL_Driver/stm32f0xx_hal_gpio.o
 .debug_ranges  0x0000000000000388      0x128 ./Drivers/STM32F0xx_HAL_Driver/stm32f0xx_hal_pcd.o
 .debug_ranges  0x00000000000004b0       0x48 ./Drivers/STM32F0xx_HAL_Driver/stm32f0xx_hal_pcd_ex.o
 .debug_ranges  0x00000000000004f8       0x70 ./Drivers/STM32F0xx_HAL_Driver/stm32f0xx_hal_rcc.o
 .debug_ranges  0x0000000000000568       0x68 ./Drivers/STM32F0xx_HAL_Driver/stm32f0xx_hal_rcc_ex.o
 .debug_ranges  0x00000000000005d0      0x3c0 ./Drivers/STM32F0xx_HAL_Driver/stm32f0xx_hal_tim.o
 .debug_ranges  0x0000000000000990      0x158 ./Drivers/STM32F0xx_HAL_Driver/stm32f0xx_hal_tim_ex.o
 .debug_ranges  0x0000000000000ae8      0x248 ./Drivers/STM32F0xx_HAL_Driver/stm32f0xx_hal_uart.o
 .debug_ranges  0x0000000000000d30       0x60 ./Drivers/STM32F0xx_HAL_Driver/stm32f0xx_hal_uart_ex.o
 .debug_ranges  0x0000000000000d90       0xb8 ./Drivers/STM32F0xx_HAL_Driver/stm32f0xx_ll_usb.o
 .debug_ranges  0x0000000000000e48       0x80 ./Middlewares/USB_Device_Library/usbd_cdc.o
 .debug_ranges  0x0000000000000ec8       0xa8 ./Middlewares/USB_Device_Library/usbd_core.o
 .debug_ranges  0x0000000000000f70       0x78 ./Middlewares/USB_Device_Library/usbd_ctlreq.o
 .debug_ranges  0x0000000000000fe8       0x40 ./Middlewares/USB_Device_Library/usbd_ioreq.o
 .debug_ranges  0x0000000000001028       0x10 ./USB_DEVICE/App/usb_device.o
 .debug_ranges  0x0000000000001038       0x30 ./USB_DEVICE/App/usbd_cdc_if.o
 .debug_ranges  0x0000000000001068       0x50 ./USB_DEVICE/App/usbd_desc.o
 .debug_ranges  0x00000000000010b8      0x108 ./USB_DEVICE/Target/usbd_conf.o

.debug_macro    0x0000000000000000    0x1c9f2
 .debug_macro   0x0000000000000000      0x441 ./Core/Src/main.o
 .debug_macro   0x0000000000000441      0xa4e ./Core/Src/main.o
 .debug_macro   0x0000000000000e8f      0x139 ./Core/Src/main.o
 .debug_macro   0x0000000000000fc8       0x2e ./Core/Src/main.o
 .debug_macro   0x0000000000000ff6       0x22 ./Core/Src/main.o
 .debug_macro   0x0000000000001018       0x22 ./Core/Src/main.o
 .debug_macro   0x000000000000103a       0x8e ./Core/Src/main.o
 .debug_macro   0x00000000000010c8       0x51 ./Core/Src/main.o
 .debug_macro   0x0000000000001119      0x103 ./Core/Src/main.o
 .debug_macro   0x000000000000121c       0x6a ./Core/Src/main.o
 .debug_macro   0x0000000000001286      0x1df ./Core/Src/main.o
 .debug_macro   0x0000000000001465       0x1c ./Core/Src/main.o